<html>
<body>
<pre>
<h1>µVision Build Log</h1>
<h2>Tool Versions:</h2>
IDE-Version: ¦ÌVision V5.41.0.0
Copyright (C) 2024 ARM Ltd and ARM Germany GmbH. All rights reserved.
License Information: H Healer, e, LIC=KRMW3-ARCA3-9US4U-SSA4K-GU9XB-JW4EX
 
Tool Versions:
Toolchain:       MDK-ARM Plus  Version: 5.41.0.0
Toolchain Path:  D:\Keil\Keil_v5\ARM\ARMCLANG\Bin
C Compiler:      ArmClang.exe V6.22
Assembler:       Armasm.exe V6.22
Linker/Locator:  ArmLink.exe V6.22
Library Manager: ArmAr.exe V6.22
Hex Converter:   FromElf.exe V6.22
CPU DLL:         SARMCM3.DLL V5.41.0.0
Dialog DLL:      DARMCM1.DLL V1.19.6.0
Target DLL:      STLink\ST-LINKIII-KEIL_SWO.dll V3.3.0.0
Dialog DLL:      TARMCM1.DLL V1.14.6.0
 
<h2>Project:</h2>
E:\MCU_Project\MSPM0G3507Project\Demo_Up\MDK-ARM\gpio_toggle_output_LP_MSPM0G3507_nortos_keil.uvprojx
Project File Date:  07/08/2025

<h2>Output:</h2>
*** Using Compiler 'V6.22', folder: 'D:\Keil\Keil_v5\ARM\ARMCLANG\Bin'
Build target 'Project'
Before Build - User command #1: cmd.exe /C "D:\ti\mspm0_sdk_2_05_00_05\tools\keil_myproject\syscfg.bat E:\MCU_Project\MSPM0G3507Project\Demo_Up\MDK-ARM\ gpio_toggle_output.syscfg"
Missing argument: --board or --device must be specified
Usage:
 cli [--product <file>] [--board <board>] [--device <device>] [--package <package>] [--variant <variant>] [--script <file>] [--output <path>] [--context <context>]
 cli --help
 cli --version
 example: cli --product <sdk_root>/.metadata/product.json --device MSPM0G3505 --package "VQFN-32(RHB)" --script project/example.syscfg --output project/debug 
 Note that the all arguments other than '--help' and '--version' may also be 
 specified via the script with an embedded @cliArgs comment directive. 
 E.g. // @cliArgs -d MSP432P401R
 If an argument is embedded in a script and explicitly specified via the CLI
 then precedence is given to the CLI arguments. Additionally, specifying 
 "--board" or "--device" on the CLI will override any "--board" and "--device"
  arguments specified in the script.
  Note that --script can be supplied multiple times, as long as each --script
  is associated with a --context.  All arguments supplied after a --script
  apply to that script, and only certain arguments are script-specific.
  
compiling PWM.c...
linking...
Program Size: Code=4016 RO-data=1832 RW-data=84 ZI-data=268  
FromELF: creating hex file...
".\Objects\Project.axf" - 0 Error(s), 0 Warning(s).

<h2>Software Packages used:</h2>

Package Vendor: TexasInstruments
                https://software-dl.ti.com/msp430/esd/MSPM0-CMSIS/MSPM0G1X0X_G3X0X/latest/exports/TexasInstruments.MSPM0G1X0X_G3X0X_DFP.1.3.1.pack
                TexasInstruments::MSPM0G1X0X_G3X0X_DFP@1.3.1
                Device Family Pack for Texas Instruments MSPM0G1X0X_G3X0X Series

<h2>Collection of Component include folders:</h2>

<h2>Collection of Component Files used:</h2>
Build Time Elapsed:  00:00:01
</pre>
</body>
</html>
