Component: Arm Compiler for Embedded 6.22 Tool: armlink [5ee90200]

==============================================================================

Section Cross References

    startup_mspm0g350x_uvision.o(RESET) refers to startup_mspm0g350x_uvision.o(STACK) for __initial_sp
    startup_mspm0g350x_uvision.o(RESET) refers to startup_mspm0g350x_uvision.o(.text) for Reset_Handler
    startup_mspm0g350x_uvision.o(RESET) refers to main.o(.text.GROUP0_IRQHandler) for GROUP0_IRQHandler
    startup_mspm0g350x_uvision.o(RESET) refers to main.o(.text.UART0_IRQHandler) for UART0_IRQHandler
    startup_mspm0g350x_uvision.o(.text) refers to entry.o(.ARM.Collect$$$$00000000) for __main
    main.o(.text.main) refers to ti_msp_dl_config.o(.text.SYSCFG_DL_init) for SYSCFG_DL_init
    main.o(.text.main) refers to sysclock.o(.text.SysClock_init) for SysClock_init
    main.o(.text.main) refers to led.o(.text.LED_Init) for LED_Init
    main.o(.text.main) refers to key.o(.text.Key_Init) for Key_Init
    main.o(.text.main) refers to wdt.o(.text.WDT_init) for WDT_init
    main.o(.text.main) refers to oled.o(.text.OLED_Init) for OLED_Init
    main.o(.text.main) refers to uart.o(.text.UART0_init) for UART0_init
    main.o(.text.main) refers to delay.o(.text.Delay_ms) for Delay_ms
    main.o(.text.main) refers to led.o(.text.LED2_ON) for LED2_ON
    main.o(.text.main) refers to puts.o(i.puts) for puts
    main.o(.text.main) refers to key.o(.text.Key_GetNum) for Key_GetNum
    main.o(.text.main) refers to led.o(.text.LED3_ON) for LED3_ON
    main.o(.text.main) refers to led.o(.text.LED4_ON) for LED4_ON
    main.o(.text.main) refers to led.o(.text.LED2_OFF) for LED2_OFF
    main.o(.text.main) refers to led.o(.text.LED3_OFF) for LED3_OFF
    main.o(.text.main) refers to led.o(.text.LED4_OFF) for LED4_OFF
    main.o(.ARM.exidx.text.main) refers to main.o(.text.main) for [Anonymous Symbol]
    main.o(.text.GROUP0_IRQHandler) refers to key.o(.text.Key_Update) for Key_Update
    main.o(.ARM.exidx.text.GROUP0_IRQHandler) refers to main.o(.text.GROUP0_IRQHandler) for [Anonymous Symbol]
    main.o(.text.UART0_IRQHandler) refers to main.o(.bss.gEchoData) for gEchoData
    main.o(.ARM.exidx.text.UART0_IRQHandler) refers to main.o(.text.UART0_IRQHandler) for [Anonymous Symbol]
    ti_msp_dl_config.o(.text.SYSCFG_DL_init) refers to ti_msp_dl_config.o(.text.SYSCFG_DL_initPower) for SYSCFG_DL_initPower
    ti_msp_dl_config.o(.ARM.exidx.text.SYSCFG_DL_init) refers to ti_msp_dl_config.o(.text.SYSCFG_DL_init) for [Anonymous Symbol]
    ti_msp_dl_config.o(.text.SYSCFG_DL_initPower) refers to dl_common.o(.text.DL_Common_delayCycles) for DL_Common_delayCycles
    ti_msp_dl_config.o(.ARM.exidx.text.SYSCFG_DL_initPower) refers to ti_msp_dl_config.o(.text.SYSCFG_DL_initPower) for [Anonymous Symbol]
    ti_msp_dl_config.o(.ARM.exidx.text.SYSCFG_DL_GPIO_init) refers to ti_msp_dl_config.o(.text.SYSCFG_DL_GPIO_init) for [Anonymous Symbol]
    ti_msp_dl_config.o(.ARM.exidx.text.SYSCFG_DL_SYSCTL_init) refers to ti_msp_dl_config.o(.text.SYSCFG_DL_SYSCTL_init) for [Anonymous Symbol]
    wdt.o(.ARM.exidx.text.WDT_init) refers to wdt.o(.text.WDT_init) for [Anonymous Symbol]
    uart.o(.text.UART0_init) refers to dl_uart.o(.text.DL_UART_setClockConfig) for DL_UART_setClockConfig
    uart.o(.text.UART0_init) refers to dl_uart.o(.text.DL_UART_init) for DL_UART_init
    uart.o(.text.UART0_init) refers to uart.o(.rodata.gUART_0ClockConfig) for [Anonymous Symbol]
    uart.o(.text.UART0_init) refers to uart.o(.rodata.gUART_0Config) for [Anonymous Symbol]
    uart.o(.ARM.exidx.text.UART0_init) refers to uart.o(.text.UART0_init) for [Anonymous Symbol]
    uart.o(.text.fputc) refers to dl_uart.o(.text.DL_UART_transmitDataBlocking) for DL_UART_transmitDataBlocking
    uart.o(.ARM.exidx.text.fputc) refers to uart.o(.text.fputc) for [Anonymous Symbol]
    dl_adc12.o(.ARM.exidx.text.DL_ADC12_setClockConfig) refers to dl_adc12.o(.text.DL_ADC12_setClockConfig) for [Anonymous Symbol]
    dl_adc12.o(.ARM.exidx.text.DL_ADC12_getClockConfig) refers to dl_adc12.o(.text.DL_ADC12_getClockConfig) for [Anonymous Symbol]
    dl_aes.o(.ARM.exidx.text.DL_AES_setKey) refers to dl_aes.o(.text.DL_AES_setKey) for [Anonymous Symbol]
    dl_aes.o(.ARM.exidx.text.DL_AES_setKeyAligned) refers to dl_aes.o(.text.DL_AES_setKeyAligned) for [Anonymous Symbol]
    dl_aes.o(.ARM.exidx.text.DL_AES_loadDataIn) refers to dl_aes.o(.text.DL_AES_loadDataIn) for [Anonymous Symbol]
    dl_aes.o(.ARM.exidx.text.DL_AES_loadDataInAligned) refers to dl_aes.o(.text.DL_AES_loadDataInAligned) for [Anonymous Symbol]
    dl_aes.o(.ARM.exidx.text.DL_AES_getDataOut) refers to dl_aes.o(.text.DL_AES_getDataOut) for [Anonymous Symbol]
    dl_aes.o(.ARM.exidx.text.DL_AES_getDataOutAligned) refers to dl_aes.o(.text.DL_AES_getDataOutAligned) for [Anonymous Symbol]
    dl_aes.o(.ARM.exidx.text.DL_AES_loadXORDataIn) refers to dl_aes.o(.text.DL_AES_loadXORDataIn) for [Anonymous Symbol]
[...]
    entry9b.o(.ARM.Collect$$$$0000000C) refers to main.o(.text.main) for main
    idiv_div0.o(.text) refers to uidiv_div0.o(.text) for __aeabi_uidivmod
    init.o(.text) refers to entry5.o(.ARM.Collect$$$$00000004) for __main_after_scatterload


==============================================================================

Removing Unused input sections from the image.

    Removing startup_mspm0g350x_uvision.o(HEAP), (0 bytes).
    Removing main.o(.text), (0 bytes).
    Removing main.o(.ARM.exidx.text.main), (8 bytes).
    Removing main.o(.ARM.exidx.text.GROUP0_IRQHandler), (8 bytes).
    Removing main.o(.ARM.exidx.text.UART0_IRQHandler), (8 bytes).
    Removing main.o(.ARM.use_no_argv), (4 bytes).
    Removing ti_msp_dl_config.o(.text), (0 bytes).
    Removing ti_msp_dl_config.o(.ARM.exidx.text.SYSCFG_DL_init), (8 bytes).
    Removing ti_msp_dl_config.o(.ARM.exidx.text.SYSCFG_DL_initPower), (8 bytes).
    Removing ti_msp_dl_config.o(.text.SYSCFG_DL_GPIO_init), (36 bytes).
    Removing ti_msp_dl_config.o(.ARM.exidx.text.SYSCFG_DL_GPIO_init), (8 bytes).
    Removing ti_msp_dl_config.o(.text.SYSCFG_DL_SYSCTL_init), (48 bytes).
    Removing ti_msp_dl_config.o(.ARM.exidx.text.SYSCFG_DL_SYSCTL_init), (8 bytes).
    Removing wdt.o(.text), (0 bytes).
    Removing wdt.o(.ARM.exidx.text.WDT_init), (8 bytes).
    Removing uart.o(.text), (0 bytes).
    Removing uart.o(.ARM.exidx.text.UART0_init), (8 bytes).
    Removing uart.o(.ARM.exidx.text.fputc), (8 bytes).
    Removing dl_adc12.o(.text), (0 bytes).
    Removing dl_adc12.o(.text.DL_ADC12_setClockConfig), (64 bytes).
    Removing dl_adc12.o(.ARM.exidx.text.DL_ADC12_setClockConfig), (8 bytes).
    Removing dl_adc12.o(.text.DL_ADC12_getClockConfig), (40 bytes).
    Removing dl_adc12.o(.ARM.exidx.text.DL_ADC12_getClockConfig), (8 bytes).
    Removing dl_aes.o(.text), (0 bytes).
    Removing dl_aes.o(.text.DL_AES_setKey), (72 bytes).
    Removing dl_aes.o(.ARM.exidx.text.DL_AES_setKey), (8 bytes).
    Removing dl_aes.o(.text.DL_AES_setKeyAligned), (56 bytes).
    Removing dl_aes.o(.ARM.exidx.text.DL_AES_setKeyAligned), (8 bytes).
    Removing dl_aes.o(.text.DL_AES_loadDataIn), (40 bytes).
    Removing dl_aes.o(.ARM.exidx.text.DL_AES_loadDataIn), (8 bytes).
    Removing dl_aes.o(.text.DL_AES_loadDataInAligned), (24 bytes).
    Removing dl_aes.o(.ARM.exidx.text.DL_AES_loadDataInAligned), (8 bytes).
    Removing dl_aes.o(.text.DL_AES_getDataOut), (36 bytes).
    Removing dl_aes.o(.ARM.exidx.text.DL_AES_getDataOut), (8 bytes).
    Removing dl_aes.o(.text.DL_AES_getDataOutAligned), (24 bytes).
    Removing dl_aes.o(.ARM.exidx.text.DL_AES_getDataOutAligned), (8 bytes).
    Removing dl_aes.o(.text.DL_AES_loadXORDataIn), (40 bytes).
    Removing dl_aes.o(.ARM.exidx.text.DL_AES_loadXORDataIn), (8 bytes).
    Removing dl_aes.o(.text.DL_AES_loadXORDataInAligned), (24 bytes).
    Removing dl_aes.o(.ARM.exidx.text.DL_AES_loadXORDataInAligned), (8 bytes).
    Removing dl_aes.o(.text.DL_AES_loadXORDataInWithoutTrigger), (40 bytes).
    Removing dl_aes.o(.ARM.exidx.text.DL_AES_loadXORDataInWithoutTrigger), (8 bytes).
    Removing dl_aes.o(.text.DL_AES_loadXORDataInWithoutTriggerAligned), (24 bytes).
    Removing dl_aes.o(.ARM.exidx.text.DL_AES_loadXORDataInWithoutTriggerAligned), (8 bytes).
    Removing dl_aes.o(.text.DL_AES_xorData), (52 bytes).
    Removing dl_aes.o(.ARM.exidx.text.DL_AES_xorData), (8 bytes).
    Removing dl_aes.o(.text.DL_AES_xorDataAligned), (36 bytes).
    Removing dl_aes.o(.ARM.exidx.text.DL_AES_xorDataAligned), (8 bytes).
    Removing dl_aes.o(.text.DL_AES_saveConfiguration), (80 bytes).
    Removing dl_aes.o(.ARM.exidx.text.DL_AES_saveConfiguration), (8 bytes).
    Removing dl_aes.o(.text.DL_AES_restoreConfiguration), (84 bytes).
    Removing dl_aes.o(.ARM.exidx.text.DL_AES_restoreConfiguration), (8 bytes).
    Removing dl_aesadv.o(.text), (0 bytes).
    Removing dl_common.o(.text), (0 bytes).
    Removing dl_common.o(.ARM.exidx.text.DL_Common_delayCycles), (8 bytes).
    Removing dl_comp.o(.text), (0 bytes).
    Removing dl_crc.o(.text), (0 bytes).
    Removing dl_crc.o(.text.DL_CRC_calculateBlock32), (92 bytes).
    Removing dl_crc.o(.ARM.exidx.text.DL_CRC_calculateBlock32), (8 bytes).
    Removing dl_crc.o(.text.DL_CRC_calculateMemoryRange32), (52 bytes).
    Removing dl_crc.o(.ARM.exidx.text.DL_CRC_calculateMemoryRange32), (8 bytes).
    Removing dl_crc.o(.text.DL_CRC_calculateBlock16), (156 bytes).
    Removing dl_crc.o(.ARM.exidx.text.DL_CRC_calculateBlock16), (8 bytes).
    Removing dl_crc.o(.text.DL_CRC_calculateMemoryRange16), (104 bytes).
    Removing dl_crc.o(.ARM.exidx.text.DL_CRC_calculateMemoryRange16), (8 bytes).
    Removing dl_crcp.o(.text), (0 bytes).
    Removing dl_dac12.o(.text), (0 bytes).
    Removing dl_dac12.o(.text.DL_DAC12_init), (140 bytes).
    Removing dl_dac12.o(.ARM.exidx.text.DL_DAC12_init), (8 bytes).
    Removing dl_dac12.o(.text.DL_DAC12_outputBlocking8), (48 bytes).
    Removing dl_dac12.o(.ARM.exidx.text.DL_DAC12_outputBlocking8), (8 bytes).
    Removing dl_dac12.o(.text.DL_DAC12_outputBlocking12), (56 bytes).
    Removing dl_dac12.o(.ARM.exidx.text.DL_DAC12_outputBlocking12), (8 bytes).
    Removing dl_dac12.o(.text.DL_DAC12_fillFIFO8), (160 bytes).
    Removing dl_dac12.o(.ARM.exidx.text.DL_DAC12_fillFIFO8), (8 bytes).
    Removing dl_dac12.o(.text.DL_DAC12_fillFIFO12), (56 bytes).
    Removing dl_dac12.o(.ARM.exidx.text.DL_DAC12_fillFIFO12), (8 bytes).
    Removing dl_dac12.o(.text.DL_DAC12_performSelfCalibrationBlocking), (36 bytes).
    Removing dl_dac12.o(.ARM.exidx.text.DL_DAC12_performSelfCalibrationBlocking), (8 bytes).
    Removing dl_dma.o(.text), (0 bytes).
    Removing dl_dma.o(.text.DL_DMA_initChannel), (68 bytes).
    Removing dl_dma.o(.ARM.exidx.text.DL_DMA_initChannel), (8 bytes).
    Removing dl_flashctl.o(.text), (0 bytes).
    Removing dl_flashctl.o(.text.DL_FlashCTL_eraseMemory), (26 bytes).
    Removing dl_flashctl.o(.ARM.exidx.text.DL_FlashCTL_eraseMemory), (8 bytes).
    Removing dl_flashctl.o(.text.DL_FlashCTL_eraseMemoryFromRAM), (24 bytes).
    Removing dl_flashctl.o(.ARM.exidx.text.DL_FlashCTL_eraseMemoryFromRAM), (8 bytes).
    Removing dl_flashctl.o(.ramfunc), (116 bytes).
    Removing dl_flashctl.o(.ARM.exidx.ramfunc), (8 bytes).
    Removing dl_flashctl.o(.text.DL_FlashCTL_massErase), (280 bytes).
    Removing dl_flashctl.o(.ARM.exidx.text.DL_FlashCTL_massErase), (8 bytes).
    Removing dl_flashctl.o(.text.DL_FlashCTL_unprotectMainMemory), (20 bytes).
    Removing dl_flashctl.o(.ARM.exidx.text.DL_FlashCTL_unprotectMainMemory), (8 bytes).
    Removing dl_flashctl.o(.text.DL_FlashCTL_protectNonMainMemory), (16 bytes).
    Removing dl_flashctl.o(.ARM.exidx.text.DL_FlashCTL_protectNonMainMemory), (8 bytes).
    Removing dl_flashctl.o(.text.DL_FlashCTL_eraseDataBank), (200 bytes).
    Removing dl_flashctl.o(.ARM.exidx.text.DL_FlashCTL_eraseDataBank), (8 bytes).
    Removing dl_flashctl.o(.text.DL_FlashCTL_massEraseFromRAM), (216 bytes).
    Removing dl_flashctl.o(.ARM.exidx.text.DL_FlashCTL_massEraseFromRAM), (8 bytes).
    Removing dl_flashctl.o(.text.DL_FlashCTL_eraseDataBankFromRAM), (156 bytes).
    Removing dl_flashctl.o(.ARM.exidx.text.DL_FlashCTL_eraseDataBankFromRAM), (8 bytes).
    Removing dl_flashctl.o(.text.DL_FlashCTL_massEraseMultiBank), (456 bytes).
    Removing dl_flashctl.o(.ARM.exidx.text.DL_FlashCTL_massEraseMultiBank), (8 bytes).
    Removing dl_flashctl.o(.text.DL_FlashCTL_factoryReset), (100 bytes).
    Removing dl_flashctl.o(.ARM.exidx.text.DL_FlashCTL_factoryReset), (8 bytes).
    Removing dl_flashctl.o(.text.DL_FlashCTL_unprotectNonMainMemory), (12 bytes).
    Removing dl_flashctl.o(.ARM.exidx.text.DL_FlashCTL_unprotectNonMainMemory), (8 bytes).
    Removing dl_flashctl.o(.text.DL_FlashCTL_factoryResetFromRAM), (52 bytes).
    Removing dl_flashctl.o(.ARM.exidx.text.DL_FlashCTL_factoryResetFromRAM), (8 bytes).
    Removing dl_flashctl.o(.text.DL_FlashCTL_factoryResetMultiBank), (100 bytes).
    Removing dl_flashctl.o(.ARM.exidx.text.DL_FlashCTL_factoryResetMultiBank), (8 bytes).
    Removing dl_flashctl.o(.text.DL_FlashCTL_programMemory8), (30 bytes).
    Removing dl_flashctl.o(.ARM.exidx.text.DL_FlashCTL_programMemory8), (8 bytes).
    Removing dl_flashctl.o(.text.DL_FlashCTL_programMemoryFromRAM8), (36 bytes).
    Removing dl_flashctl.o(.ARM.exidx.text.DL_FlashCTL_programMemoryFromRAM8), (8 bytes).
    Removing dl_flashctl.o(.text.DL_FlashCTL_programMemory16), (32 bytes).
    Removing dl_flashctl.o(.ARM.exidx.text.DL_FlashCTL_programMemory16), (8 bytes).
    Removing dl_flashctl.o(.text.DL_FlashCTL_programMemoryFromRAM16), (40 bytes).
    Removing dl_flashctl.o(.ARM.exidx.text.DL_FlashCTL_programMemoryFromRAM16), (8 bytes).
    Removing dl_flashctl.o(.text.DL_FlashCTL_programMemory32), (32 bytes).
    Removing dl_flashctl.o(.ARM.exidx.text.DL_FlashCTL_programMemory32), (8 bytes).
    Removing dl_flashctl.o(.text.DL_FlashCTL_programMemoryFromRAM32), (40 bytes).
    Removing dl_flashctl.o(.ARM.exidx.text.DL_FlashCTL_programMemoryFromRAM32), (8 bytes).
    Removing dl_flashctl.o(.text.DL_FlashCTL_programMemory64), (36 bytes).
    Removing dl_flashctl.o(.ARM.exidx.text.DL_FlashCTL_programMemory64), (8 bytes).
    Removing dl_flashctl.o(.text.DL_FlashCTL_programMemoryFromRAM64), (44 bytes).
    Removing dl_flashctl.o(.ARM.exidx.text.DL_FlashCTL_programMemoryFromRAM64), (8 bytes).
    Removing dl_flashctl.o(.text.DL_FlashCTL_programMemory8WithECCGenerated), (34 bytes).
    Removing dl_flashctl.o(.ARM.exidx.text.DL_FlashCTL_programMemory8WithECCGenerated), (8 bytes).
    Removing dl_flashctl.o(.text.DL_FlashCTL_programMemoryFromRAM8WithECCGenerated), (40 bytes).
    Removing dl_flashctl.o(.ARM.exidx.text.DL_FlashCTL_programMemoryFromRAM8WithECCGenerated), (8 bytes).
    Removing dl_flashctl.o(.text.DL_FlashCTL_programMemory16WithECCGenerated), (34 bytes).
    Removing dl_flashctl.o(.ARM.exidx.text.DL_FlashCTL_programMemory16WithECCGenerated), (8 bytes).
    Removing dl_flashctl.o(.text.DL_FlashCTL_programMemoryFromRAM16WithECCGenerated), (40 bytes).
    Removing dl_flashctl.o(.ARM.exidx.text.DL_FlashCTL_programMemoryFromRAM16WithECCGenerated), (8 bytes).
    Removing dl_flashctl.o(.text.DL_FlashCTL_programMemory32WithECCGenerated), (34 bytes).
    Removing dl_flashctl.o(.ARM.exidx.text.DL_FlashCTL_programMemory32WithECCGenerated), (8 bytes).
    Removing dl_flashctl.o(.text.DL_FlashCTL_programMemoryFromRAM32WithECCGenerated), (40 bytes).
    Removing dl_flashctl.o(.ARM.exidx.text.DL_FlashCTL_programMemoryFromRAM32WithECCGenerated), (8 bytes).
    Removing dl_flashctl.o(.text.DL_FlashCTL_programMemory64WithECCGenerated), (40 bytes).
    Removing dl_flashctl.o(.ARM.exidx.text.DL_FlashCTL_programMemory64WithECCGenerated), (8 bytes).
    Removing dl_flashctl.o(.text.DL_FlashCTL_programMemoryFromRAM64WithECCGenerated), (48 bytes).
    Removing dl_flashctl.o(.ARM.exidx.text.DL_FlashCTL_programMemoryFromRAM64WithECCGenerated), (8 bytes).
    Removing dl_flashctl.o(.text.DL_FlashCTL_programMemory8WithECCManual), (56 bytes).
    Removing dl_flashctl.o(.ARM.exidx.text.DL_FlashCTL_programMemory8WithECCManual), (8 bytes).
    Removing dl_flashctl.o(.text.DL_FlashCTL_programMemoryFromRAM8WithECCManual), (52 bytes).
    Removing dl_flashctl.o(.ARM.exidx.text.DL_FlashCTL_programMemoryFromRAM8WithECCManual), (8 bytes).
    Removing dl_flashctl.o(.text.DL_FlashCTL_programMemory16WithECCManual), (56 bytes).
    Removing dl_flashctl.o(.ARM.exidx.text.DL_FlashCTL_programMemory16WithECCManual), (8 bytes).
    Removing dl_flashctl.o(.text.DL_FlashCTL_programMemoryFromRAM16WithECCManual), (52 bytes).
    Removing dl_flashctl.o(.ARM.exidx.text.DL_FlashCTL_programMemoryFromRAM16WithECCManual), (8 bytes).
    Removing dl_flashctl.o(.text.DL_FlashCTL_programMemory32WithECCManual), (56 bytes).
    Removing dl_flashctl.o(.ARM.exidx.text.DL_FlashCTL_programMemory32WithECCManual), (8 bytes).
    Removing dl_flashctl.o(.text.DL_FlashCTL_programMemoryFromRAM32WithECCManual), (52 bytes).
    Removing dl_flashctl.o(.ARM.exidx.text.DL_FlashCTL_programMemoryFromRAM32WithECCManual), (8 bytes).
    Removing dl_flashctl.o(.text.DL_FlashCTL_programMemory64WithECCManual), (60 bytes).
    Removing dl_flashctl.o(.ARM.exidx.text.DL_FlashCTL_programMemory64WithECCManual), (8 bytes).
    Removing dl_flashctl.o(.text.DL_FlashCTL_programMemoryFromRAM64WithECCManual), (56 bytes).
    Removing dl_flashctl.o(.ARM.exidx.text.DL_FlashCTL_programMemoryFromRAM64WithECCManual), (8 bytes).
    Removing dl_flashctl.o(.text.DL_FlashCTL_programMemoryBlocking64WithECCGenerated), (188 bytes).
    Removing dl_flashctl.o(.ARM.exidx.text.DL_FlashCTL_programMemoryBlocking64WithECCGenerated), (8 bytes).
    Removing dl_flashctl.o(.text.DL_FlashCTL_unprotectSector), (204 bytes).
    Removing dl_flashctl.o(.ARM.exidx.text.DL_FlashCTL_unprotectSector), (8 bytes).
    Removing dl_flashctl.o(.text.DL_FlashCTL_programMemoryBlockingFromRAM64WithECCGenerated), (152 bytes).
    Removing dl_flashctl.o(.ARM.exidx.text.DL_FlashCTL_programMemoryBlockingFromRAM64WithECCGenerated), (8 bytes).
    Removing dl_flashctl.o(.text.DL_FlashCTL_programMemoryBlocking64WithECCManual), (220 bytes).
    Removing dl_flashctl.o(.ARM.exidx.text.DL_FlashCTL_programMemoryBlocking64WithECCManual), (8 bytes).
    Removing dl_flashctl.o(.text.DL_FlashCTL_programMemoryBlockingFromRAM64WithECCManual), (176 bytes).
    Removing dl_flashctl.o(.ARM.exidx.text.DL_FlashCTL_programMemoryBlockingFromRAM64WithECCManual), (8 bytes).
    Removing dl_flashctl.o(.text.DL_FlashCTL_programMemoryBlocking), (212 bytes).
    Removing dl_flashctl.o(.ARM.exidx.text.DL_FlashCTL_programMemoryBlocking), (8 bytes).
    Removing dl_flashctl.o(.text.DL_FlashCTL_programMemoryFromRAM), (136 bytes).
    Removing dl_flashctl.o(.ARM.exidx.text.DL_FlashCTL_programMemoryFromRAM), (8 bytes).
    Removing dl_flashctl.o(.text.DL_FlashCTL_unprotectDataMemory), (20 bytes).
    Removing dl_flashctl.o(.ARM.exidx.text.DL_FlashCTL_unprotectDataMemory), (8 bytes).
    Removing dl_flashctl.o(.text.DL_FlashCTL_protectMainMemory), (20 bytes).
    Removing dl_flashctl.o(.ARM.exidx.text.DL_FlashCTL_protectMainMemory), (8 bytes).
    Removing dl_flashctl.o(.text.DL_FlashCTL_unprotectAllMemory), (32 bytes).
    Removing dl_flashctl.o(.ARM.exidx.text.DL_FlashCTL_unprotectAllMemory), (8 bytes).
    Removing dl_flashctl.o(.text.DL_FlashCTL_protectAllMemory), (36 bytes).
    Removing dl_flashctl.o(.ARM.exidx.text.DL_FlashCTL_protectAllMemory), (8 bytes).
    Removing dl_flashctl.o(.text.DL_FlashCTL_protectSector), (216 bytes).
    Removing dl_flashctl.o(.ARM.exidx.text.DL_FlashCTL_protectSector), (8 bytes).
    Removing dl_flashctl.o(.text.DL_FlashCTL_readVerify8), (32 bytes).
    Removing dl_flashctl.o(.ARM.exidx.text.DL_FlashCTL_readVerify8), (8 bytes).
    Removing dl_flashctl.o(.text.DL_FlashCTL_readVerify16), (32 bytes).
    Removing dl_flashctl.o(.ARM.exidx.text.DL_FlashCTL_readVerify16), (8 bytes).
    Removing dl_flashctl.o(.text.DL_FlashCTL_readVerify32), (34 bytes).
    Removing dl_flashctl.o(.ARM.exidx.text.DL_FlashCTL_readVerify32), (8 bytes).
    Removing dl_flashctl.o(.text.DL_FlashCTL_readVerify64), (38 bytes).
    Removing dl_flashctl.o(.ARM.exidx.text.DL_FlashCTL_readVerify64), (8 bytes).
    Removing dl_flashctl.o(.text.DL_FlashCTL_readVerifyFromRAM8), (40 bytes).
    Removing dl_flashctl.o(.ARM.exidx.text.DL_FlashCTL_readVerifyFromRAM8), (8 bytes).
    Removing dl_flashctl.o(.text.DL_FlashCTL_readVerifyFromRAM16), (36 bytes).
    Removing dl_flashctl.o(.ARM.exidx.text.DL_FlashCTL_readVerifyFromRAM16), (8 bytes).
    Removing dl_flashctl.o(.text.DL_FlashCTL_readVerifyFromRAM32), (40 bytes).
    Removing dl_flashctl.o(.ARM.exidx.text.DL_FlashCTL_readVerifyFromRAM32), (8 bytes).
    Removing dl_flashctl.o(.text.DL_FlashCTL_readVerifyFromRAM64), (44 bytes).
    Removing dl_flashctl.o(.ARM.exidx.text.DL_FlashCTL_readVerifyFromRAM64), (8 bytes).
    Removing dl_flashctl.o(.text.DL_FlashCTL_readVerifyFromRAM8WithECCGenerated), (40 bytes).
    Removing dl_flashctl.o(.ARM.exidx.text.DL_FlashCTL_readVerifyFromRAM8WithECCGenerated), (8 bytes).
    Removing dl_flashctl.o(.text.DL_FlashCTL_readVerifyFromRAM16WithECCGenerated), (40 bytes).
    Removing dl_flashctl.o(.ARM.exidx.text.DL_FlashCTL_readVerifyFromRAM16WithECCGenerated), (8 bytes).
    Removing dl_flashctl.o(.text.DL_FlashCTL_readVerifyFromRAM32WithECCGenerated), (40 bytes).
    Removing dl_flashctl.o(.ARM.exidx.text.DL_FlashCTL_readVerifyFromRAM32WithECCGenerated), (8 bytes).
    Removing dl_flashctl.o(.text.DL_FlashCTL_readVerifyFromRAM64WithECCGenerated), (48 bytes).
    Removing dl_flashctl.o(.ARM.exidx.text.DL_FlashCTL_readVerifyFromRAM64WithECCGenerated), (8 bytes).
    Removing dl_flashctl.o(.text.DL_FlashCTL_readVerifyFromRAM8WithECCManual), (52 bytes).
    Removing dl_flashctl.o(.ARM.exidx.text.DL_FlashCTL_readVerifyFromRAM8WithECCManual), (8 bytes).
    Removing dl_flashctl.o(.text.DL_FlashCTL_readVerifyFromRAM16WithECCManual), (52 bytes).
    Removing dl_flashctl.o(.ARM.exidx.text.DL_FlashCTL_readVerifyFromRAM16WithECCManual), (8 bytes).
    Removing dl_flashctl.o(.text.DL_FlashCTL_readVerifyFromRAM32WithECCManual), (52 bytes).
    Removing dl_flashctl.o(.ARM.exidx.text.DL_FlashCTL_readVerifyFromRAM32WithECCManual), (8 bytes).
    Removing dl_flashctl.o(.text.DL_FlashCTL_readVerifyFromRAM64WithECCManual), (56 bytes).
    Removing dl_flashctl.o(.ARM.exidx.text.DL_FlashCTL_readVerifyFromRAM64WithECCManual), (8 bytes).
    Removing dl_flashctl.o(.text.DL_FlashCTL_readVerify8WithECCGenerated), (36 bytes).
    Removing dl_flashctl.o(.ARM.exidx.text.DL_FlashCTL_readVerify8WithECCGenerated), (8 bytes).
    Removing dl_flashctl.o(.text.DL_FlashCTL_readVerify16WithECCGenerated), (36 bytes).
    Removing dl_flashctl.o(.ARM.exidx.text.DL_FlashCTL_readVerify16WithECCGenerated), (8 bytes).
    Removing dl_flashctl.o(.text.DL_FlashCTL_readVerify32WithECCGenerated), (36 bytes).
    Removing dl_flashctl.o(.ARM.exidx.text.DL_FlashCTL_readVerify32WithECCGenerated), (8 bytes).
    Removing dl_flashctl.o(.text.DL_FlashCTL_readVerify64WithECCGenerated), (44 bytes).
    Removing dl_flashctl.o(.ARM.exidx.text.DL_FlashCTL_readVerify64WithECCGenerated), (8 bytes).
    Removing dl_flashctl.o(.text.DL_FlashCTL_readVerify8WithECCManual), (48 bytes).
    Removing dl_flashctl.o(.ARM.exidx.text.DL_FlashCTL_readVerify8WithECCManual), (8 bytes).
    Removing dl_flashctl.o(.text.DL_FlashCTL_readVerify16WithECCManual), (48 bytes).
    Removing dl_flashctl.o(.ARM.exidx.text.DL_FlashCTL_readVerify16WithECCManual), (8 bytes).
    Removing dl_flashctl.o(.text.DL_FlashCTL_readVerify32WithECCManual), (48 bytes).
    Removing dl_flashctl.o(.ARM.exidx.text.DL_FlashCTL_readVerify32WithECCManual), (8 bytes).
    Removing dl_flashctl.o(.text.DL_FlashCTL_readVerify64WithECCManual), (52 bytes).
    Removing dl_flashctl.o(.ARM.exidx.text.DL_FlashCTL_readVerify64WithECCManual), (8 bytes).
    Removing dl_flashctl.o(.text.DL_FlashCTL_blankVerify), (24 bytes).
    Removing dl_flashctl.o(.ARM.exidx.text.DL_FlashCTL_blankVerify), (8 bytes).
    Removing dl_flashctl.o(.text.DL_FlashCTL_blankVerifyFromRAM), (24 bytes).
    Removing dl_flashctl.o(.ARM.exidx.text.DL_FlashCTL_blankVerifyFromRAM), (8 bytes).
    Removing dl_gpamp.o(.text), (0 bytes).
    Removing dl_gpio.o(.text), (0 bytes).
    Removing dl_i2c.o(.text), (0 bytes).
    Removing dl_i2c.o(.text.DL_I2C_setClockConfig), (38 bytes).
    Removing dl_i2c.o(.ARM.exidx.text.DL_I2C_setClockConfig), (8 bytes).
    Removing dl_i2c.o(.text.DL_I2C_getClockConfig), (26 bytes).
    Removing dl_i2c.o(.ARM.exidx.text.DL_I2C_getClockConfig), (8 bytes).
    Removing dl_i2c.o(.text.DL_I2C_fillControllerTXFIFO), (128 bytes).
    Removing dl_i2c.o(.ARM.exidx.text.DL_I2C_fillControllerTXFIFO), (8 bytes).
    Removing dl_i2c.o(.text.DL_I2C_flushControllerTXFIFO), (68 bytes).
    Removing dl_i2c.o(.ARM.exidx.text.DL_I2C_flushControllerTXFIFO), (8 bytes).
    Removing dl_i2c.o(.text.DL_I2C_flushControllerRXFIFO), (52 bytes).
    Removing dl_i2c.o(.ARM.exidx.text.DL_I2C_flushControllerRXFIFO), (8 bytes).
    Removing dl_i2c.o(.text.DL_I2C_fillTargetTXFIFO), (132 bytes).
    Removing dl_i2c.o(.ARM.exidx.text.DL_I2C_fillTargetTXFIFO), (8 bytes).
    Removing dl_i2c.o(.text.DL_I2C_flushTargetTXFIFO), (68 bytes).
    Removing dl_i2c.o(.ARM.exidx.text.DL_I2C_flushTargetTXFIFO), (8 bytes).
    Removing dl_i2c.o(.text.DL_I2C_flushTargetRXFIFO), (52 bytes).
    Removing dl_i2c.o(.ARM.exidx.text.DL_I2C_flushTargetRXFIFO), (8 bytes).
    Removing dl_i2c.o(.text.DL_I2C_transmitTargetDataBlocking), (36 bytes).
    Removing dl_i2c.o(.ARM.exidx.text.DL_I2C_transmitTargetDataBlocking), (8 bytes).
    Removing dl_i2c.o(.text.DL_I2C_transmitTargetDataCheck), (28 bytes).
    Removing dl_i2c.o(.ARM.exidx.text.DL_I2C_transmitTargetDataCheck), (8 bytes).
    Removing dl_i2c.o(.text.DL_I2C_receiveTargetDataBlocking), (40 bytes).
    Removing dl_i2c.o(.ARM.exidx.text.DL_I2C_receiveTargetDataBlocking), (8 bytes).
    Removing dl_i2c.o(.text.DL_I2C_receiveTargetDataCheck), (24 bytes).
    Removing dl_i2c.o(.ARM.exidx.text.DL_I2C_receiveTargetDataCheck), (8 bytes).
    Removing dl_iwdt.o(.text), (0 bytes).
    Removing dl_keystorectl.o(.text), (0 bytes).
    Removing dl_lcd.o(.text), (0 bytes).
    Removing dl_lfss.o(.text), (0 bytes).
    Removing dl_mathacl.o(.text), (0 bytes).
    Removing dl_mathacl.o(.text.DL_MathACL_configOperation), (40 bytes).
    Removing dl_mathacl.o(.ARM.exidx.text.DL_MathACL_configOperation), (8 bytes).
    Removing dl_mcan.o(.text), (0 bytes).
    Removing dl_mcan.o(.text.DL_MCAN_isReady), (20 bytes).
    Removing dl_mcan.o(.ARM.exidx.text.DL_MCAN_isReady), (8 bytes).
    Removing dl_mcan.o(.text.DL_MCAN_setClockConfig), (36 bytes).
    Removing dl_mcan.o(.ARM.exidx.text.DL_MCAN_setClockConfig), (8 bytes).
    Removing dl_mcan.o(.text.DL_MCAN_getClockConfig), (20 bytes).
    Removing dl_mcan.o(.ARM.exidx.text.DL_MCAN_getClockConfig), (8 bytes).
    Removing dl_mcan.o(.text.DL_MCAN_isInReset), (16 bytes).
    Removing dl_mcan.o(.ARM.exidx.text.DL_MCAN_isInReset), (8 bytes).
    Removing dl_mcan.o(.text.DL_MCAN_isFDOpEnable), (16 bytes).
    Removing dl_mcan.o(.ARM.exidx.text.DL_MCAN_isFDOpEnable), (8 bytes).
    Removing dl_mcan.o(.text.DL_MCAN_isMemInitDone), (16 bytes).
    Removing dl_mcan.o(.ARM.exidx.text.DL_MCAN_isMemInitDone), (8 bytes).
    Removing dl_mcan.o(.text.DL_MCAN_setOpMode), (24 bytes).
    Removing dl_mcan.o(.ARM.exidx.text.DL_MCAN_setOpMode), (8 bytes).
    Removing dl_mcan.o(.text.DL_MCAN_getOpMode), (16 bytes).
    Removing dl_mcan.o(.ARM.exidx.text.DL_MCAN_getOpMode), (8 bytes).
    Removing dl_mcan.o(.text.DL_MCAN_init), (236 bytes).
    Removing dl_mcan.o(.ARM.exidx.text.DL_MCAN_init), (8 bytes).
    Removing dl_mcan.o(.text.DL_MCAN_config), (224 bytes).
    Removing dl_mcan.o(.ARM.exidx.text.DL_MCAN_config), (8 bytes).
    Removing dl_mcan.o(.text.DL_MCAN_eccConfig), (184 bytes).
    Removing dl_mcan.o(.ARM.exidx.text.DL_MCAN_eccConfig), (8 bytes).
    Removing dl_mcan.o(.text.DL_MCAN_setBitTime), (216 bytes).
    Removing dl_mcan.o(.ARM.exidx.text.DL_MCAN_setBitTime), (8 bytes).
    Removing dl_mcan.o(.text.DL_MCAN_msgRAMConfig), (560 bytes).
    Removing dl_mcan.o(.ARM.exidx.text.DL_MCAN_msgRAMConfig), (8 bytes).
    Removing dl_mcan.o(.text.DL_MCAN_setExtIDAndMask), (60 bytes).
    Removing dl_mcan.o(.ARM.exidx.text.DL_MCAN_setExtIDAndMask), (8 bytes).
    Removing dl_mcan.o(.text.DL_MCAN_writeMsgRam), (244 bytes).
    Removing dl_mcan.o(.ARM.exidx.text.DL_MCAN_writeMsgRam), (8 bytes).
    Removing dl_mcan.o(.text.DL_MCAN_TXBufAddReq), (52 bytes).
    Removing dl_mcan.o(.ARM.exidx.text.DL_MCAN_TXBufAddReq), (8 bytes).
    Removing dl_mcan.o(.text.DL_MCAN_getNewDataStatus), (20 bytes).
    Removing dl_mcan.o(.ARM.exidx.text.DL_MCAN_getNewDataStatus), (8 bytes).
    Removing dl_mcan.o(.text.DL_MCAN_clearNewDataStatus), (20 bytes).
    Removing dl_mcan.o(.ARM.exidx.text.DL_MCAN_clearNewDataStatus), (8 bytes).
    Removing dl_mcan.o(.text.DL_MCAN_readMsgRam), (268 bytes).
    Removing dl_mcan.o(.ARM.exidx.text.DL_MCAN_readMsgRam), (8 bytes).
    Removing dl_mcan.o(.text.DL_MCAN_readTxEventFIFO), (96 bytes).
    Removing dl_mcan.o(.ARM.exidx.text.DL_MCAN_readTxEventFIFO), (8 bytes).
    Removing dl_mcan.o(.text.DL_MCAN_addStdMsgIDFilter), (44 bytes).
    Removing dl_mcan.o(.ARM.exidx.text.DL_MCAN_addStdMsgIDFilter), (8 bytes).
    Removing dl_mcan.o(.text.DL_MCAN_addExtMsgIDFilter), (44 bytes).
    Removing dl_mcan.o(.ARM.exidx.text.DL_MCAN_addExtMsgIDFilter), (8 bytes).
    Removing dl_mcan.o(.text.DL_MCAN_lpbkModeEnable), (88 bytes).
    Removing dl_mcan.o(.ARM.exidx.text.DL_MCAN_lpbkModeEnable), (8 bytes).
    Removing dl_mcan.o(.text.DL_MCAN_getErrCounters), (40 bytes).
    Removing dl_mcan.o(.ARM.exidx.text.DL_MCAN_getErrCounters), (8 bytes).
    Removing dl_mcan.o(.text.DL_MCAN_getProtocolStatus), (80 bytes).
    Removing dl_mcan.o(.ARM.exidx.text.DL_MCAN_getProtocolStatus), (8 bytes).
    Removing dl_mcan.o(.text.DL_MCAN_enableIntr), (28 bytes).
    Removing dl_mcan.o(.ARM.exidx.text.DL_MCAN_enableIntr), (8 bytes).
    Removing dl_mcan.o(.text.DL_MCAN_selectIntrLine), (28 bytes).
    Removing dl_mcan.o(.ARM.exidx.text.DL_MCAN_selectIntrLine), (8 bytes).
    Removing dl_mcan.o(.text.DL_MCAN_getIntrLineSelectStatus), (12 bytes).
    Removing dl_mcan.o(.ARM.exidx.text.DL_MCAN_getIntrLineSelectStatus), (8 bytes).
    Removing dl_mcan.o(.text.DL_MCAN_enableIntrLine), (28 bytes).
    Removing dl_mcan.o(.ARM.exidx.text.DL_MCAN_enableIntrLine), (8 bytes).
    Removing dl_mcan.o(.text.DL_MCAN_getIntrStatus), (12 bytes).
    Removing dl_mcan.o(.ARM.exidx.text.DL_MCAN_getIntrStatus), (8 bytes).
    Removing dl_mcan.o(.text.DL_MCAN_clearIntrStatus), (20 bytes).
    Removing dl_mcan.o(.ARM.exidx.text.DL_MCAN_clearIntrStatus), (8 bytes).
    Removing dl_mcan.o(.text.DL_MCAN_getHighPriorityMsgStatus), (44 bytes).
    Removing dl_mcan.o(.ARM.exidx.text.DL_MCAN_getHighPriorityMsgStatus), (8 bytes).
    Removing dl_mcan.o(.text.DL_MCAN_getRxFIFOStatus), (56 bytes).
    Removing dl_mcan.o(.ARM.exidx.text.DL_MCAN_getRxFIFOStatus), (8 bytes).
    Removing dl_mcan.o(.text.DL_MCAN_writeRxFIFOAck), (72 bytes).
    Removing dl_mcan.o(.ARM.exidx.text.DL_MCAN_writeRxFIFOAck), (8 bytes).
    Removing dl_mcan.o(.text.DL_MCAN_getTxFIFOQueStatus), (36 bytes).
    Removing dl_mcan.o(.ARM.exidx.text.DL_MCAN_getTxFIFOQueStatus), (8 bytes).
    Removing dl_mcan.o(.text.DL_MCAN_getTxBufReqPend), (12 bytes).
    Removing dl_mcan.o(.ARM.exidx.text.DL_MCAN_getTxBufReqPend), (8 bytes).
    Removing dl_mcan.o(.text.DL_MCAN_txBufCancellationReq), (52 bytes).
    Removing dl_mcan.o(.ARM.exidx.text.DL_MCAN_txBufCancellationReq), (8 bytes).
    Removing dl_mcan.o(.text.DL_MCAN_getTxBufTransmissionStatus), (12 bytes).
    Removing dl_mcan.o(.ARM.exidx.text.DL_MCAN_getTxBufTransmissionStatus), (8 bytes).
    Removing dl_mcan.o(.text.DL_MCAN_txBufCancellationStatus), (12 bytes).
    Removing dl_mcan.o(.ARM.exidx.text.DL_MCAN_txBufCancellationStatus), (8 bytes).
    Removing dl_mcan.o(.text.DL_MCAN_TXBufTransIntrEnable), (44 bytes).
    Removing dl_mcan.o(.ARM.exidx.text.DL_MCAN_TXBufTransIntrEnable), (8 bytes).
    Removing dl_mcan.o(.text.DL_MCAN_getTxBufCancellationIntrEnable), (44 bytes).
    Removing dl_mcan.o(.ARM.exidx.text.DL_MCAN_getTxBufCancellationIntrEnable), (8 bytes).
    Removing dl_mcan.o(.text.DL_MCAN_getTxEventFIFOStatus), (44 bytes).
    Removing dl_mcan.o(.ARM.exidx.text.DL_MCAN_getTxEventFIFOStatus), (8 bytes).
    Removing dl_mcan.o(.text.DL_MCAN_addClockStopRequest), (28 bytes).
    Removing dl_mcan.o(.ARM.exidx.text.DL_MCAN_addClockStopRequest), (8 bytes).
    Removing dl_mcan.o(.text.DL_MCAN_writeTxEventFIFOAck), (44 bytes).
    Removing dl_mcan.o(.ARM.exidx.text.DL_MCAN_writeTxEventFIFOAck), (8 bytes).
    Removing dl_mcan.o(.text.DL_MCAN_eccForceError), (220 bytes).
    Removing dl_mcan.o(.ARM.exidx.text.DL_MCAN_eccForceError), (8 bytes).
    Removing dl_mcan.o(.text.DL_MCAN_eccGetErrorStatus), (128 bytes).
    Removing dl_mcan.o(.ARM.exidx.text.DL_MCAN_eccGetErrorStatus), (8 bytes).
    Removing dl_mcan.o(.text.DL_MCAN_eccClearErrorStatus), (112 bytes).
    Removing dl_mcan.o(.ARM.exidx.text.DL_MCAN_eccClearErrorStatus), (8 bytes).
    Removing dl_mcan.o(.text.DL_MCAN_eccWriteEOI), (32 bytes).
    Removing dl_mcan.o(.ARM.exidx.text.DL_MCAN_eccWriteEOI), (8 bytes).
    Removing dl_mcan.o(.text.DL_MCAN_eccEnableIntr), (46 bytes).
    Removing dl_mcan.o(.ARM.exidx.text.DL_MCAN_eccEnableIntr), (8 bytes).
    Removing dl_mcan.o(.text.DL_MCAN_eccGetIntrStatus), (36 bytes).
    Removing dl_mcan.o(.ARM.exidx.text.DL_MCAN_eccGetIntrStatus), (8 bytes).
    Removing dl_mcan.o(.text.DL_MCAN_eccClearIntrStatus), (32 bytes).
    Removing dl_mcan.o(.ARM.exidx.text.DL_MCAN_eccClearIntrStatus), (8 bytes).
    Removing dl_mcan.o(.text.DL_MCAN_extTSCounterConfig), (24 bytes).
    Removing dl_mcan.o(.ARM.exidx.text.DL_MCAN_extTSCounterConfig), (8 bytes).
    Removing dl_mcan.o(.text.DL_MCAN_extTSCounterEnable), (28 bytes).
    Removing dl_mcan.o(.ARM.exidx.text.DL_MCAN_extTSCounterEnable), (8 bytes).
    Removing dl_mcan.o(.text.DL_MCAN_extTSEnableIntr), (24 bytes).
    Removing dl_mcan.o(.ARM.exidx.text.DL_MCAN_extTSEnableIntr), (8 bytes).
    Removing dl_mcan.o(.text.DL_MCAN_extTSWriteEOI), (20 bytes).
    Removing dl_mcan.o(.ARM.exidx.text.DL_MCAN_extTSWriteEOI), (8 bytes).
    Removing dl_mcan.o(.text.DL_MCAN_extTSGetUnservicedIntrCount), (16 bytes).
    Removing dl_mcan.o(.ARM.exidx.text.DL_MCAN_extTSGetUnservicedIntrCount), (8 bytes).
    Removing dl_mcan.o(.text.DL_MCAN_getRevisionId), (68 bytes).
    Removing dl_mcan.o(.ARM.exidx.text.DL_MCAN_getRevisionId), (8 bytes).
    Removing dl_mcan.o(.text.DL_MCAN_getClockStopAck), (16 bytes).
    Removing dl_mcan.o(.ARM.exidx.text.DL_MCAN_getClockStopAck), (8 bytes).
    Removing dl_mcan.o(.text.DL_MCAN_extTSSetRawStatus), (16 bytes).
    Removing dl_mcan.o(.ARM.exidx.text.DL_MCAN_extTSSetRawStatus), (8 bytes).
    Removing dl_mcan.o(.text.DL_MCAN_extTSClearRawStatus), (16 bytes).
    Removing dl_mcan.o(.ARM.exidx.text.DL_MCAN_extTSClearRawStatus), (8 bytes).
    Removing dl_mcan.o(.text.DL_MCAN_getRxPinState), (16 bytes).
    Removing dl_mcan.o(.ARM.exidx.text.DL_MCAN_getRxPinState), (8 bytes).
    Removing dl_mcan.o(.text.DL_MCAN_setTxPinState), (48 bytes).
    Removing dl_mcan.o(.ARM.exidx.text.DL_MCAN_setTxPinState), (8 bytes).
    Removing dl_mcan.o(.text.DL_MCAN_getTxPinState), (16 bytes).
    Removing dl_mcan.o(.ARM.exidx.text.DL_MCAN_getTxPinState), (8 bytes).
    Removing dl_mcan.o(.text.DL_MCAN_getTSCounterVal), (12 bytes).
    Removing dl_mcan.o(.ARM.exidx.text.DL_MCAN_getTSCounterVal), (8 bytes).
    Removing dl_mcan.o(.text.DL_MCAN_getClkStopAck), (16 bytes).
    Removing dl_mcan.o(.ARM.exidx.text.DL_MCAN_getClkStopAck), (8 bytes).
    Removing dl_mcan.o(.text.DL_MCAN_getBitTime), (76 bytes).
    Removing dl_mcan.o(.ARM.exidx.text.DL_MCAN_getBitTime), (8 bytes).
    Removing dl_mcan.o(.text.DL_MCAN_resetTSCounter), (20 bytes).
    Removing dl_mcan.o(.ARM.exidx.text.DL_MCAN_resetTSCounter), (8 bytes).
    Removing dl_mcan.o(.text.DL_MCAN_getTOCounterVal), (12 bytes).
    Removing dl_mcan.o(.ARM.exidx.text.DL_MCAN_getTOCounterVal), (8 bytes).
    Removing dl_mcan.o(.text.DL_MCAN_eccAggrGetRevisionId), (32 bytes).
    Removing dl_mcan.o(.ARM.exidx.text.DL_MCAN_eccAggrGetRevisionId), (8 bytes).
    Removing dl_mcan.o(.text.DL_MCAN_eccWrapGetRevisionId), (84 bytes).
    Removing dl_mcan.o(.ARM.exidx.text.DL_MCAN_eccWrapGetRevisionId), (8 bytes).
    Removing dl_mcan.o(.text.DL_MCAN_extTSIsIntrEnable), (16 bytes).
    Removing dl_mcan.o(.ARM.exidx.text.DL_MCAN_extTSIsIntrEnable), (8 bytes).
    Removing dl_mcan.o(.text.DL_MCAN_getEndianVal), (12 bytes).
    Removing dl_mcan.o(.ARM.exidx.text.DL_MCAN_getEndianVal), (8 bytes).
    Removing dl_mcan.o(.text.DL_MCAN_getExtIDANDMask), (16 bytes).
    Removing dl_mcan.o(.ARM.exidx.text.DL_MCAN_getExtIDANDMask), (8 bytes).
    Removing dl_mcan.o(.text.DL_MCAN_saveConfiguration), (300 bytes).
    Removing dl_mcan.o(.ARM.exidx.text.DL_MCAN_saveConfiguration), (8 bytes).
    Removing dl_mcan.o(.text.DL_MCAN_restoreConfiguration), (348 bytes).
    Removing dl_mcan.o(.ARM.exidx.text.DL_MCAN_restoreConfiguration), (8 bytes).
    Removing dl_mcan.o(.rodata..L__const.DL_MCAN_getDataSize.dataSize), (64 bytes).
    Removing dl_mcan.o(.rodata.cst32), (32 bytes).
    Removing dl_opa.o(.text), (0 bytes).
    Removing dl_opa.o(.text.DL_OPA_increaseGain), (52 bytes).
    Removing dl_opa.o(.ARM.exidx.text.DL_OPA_increaseGain), (8 bytes).
    Removing dl_opa.o(.text.DL_OPA_decreaseGain), (48 bytes).
    Removing dl_opa.o(.ARM.exidx.text.DL_OPA_decreaseGain), (8 bytes).
    Removing dl_rtc.o(.text), (0 bytes).
    Removing dl_rtc_a.o(.text), (0 bytes).
    Removing dl_rtc_b.o(.text), (0 bytes).
    Removing dl_rtc_common.o(.text), (0 bytes).
    Removing dl_rtc_common.o(.text.DL_RTC_Common_initCalendar), (160 bytes).
    Removing dl_rtc_common.o(.ARM.exidx.text.DL_RTC_Common_initCalendar), (8 bytes).
    Removing dl_rtc_common.o(.text.DL_RTC_Common_getCalendarTime), (132 bytes).
    Removing dl_rtc_common.o(.ARM.exidx.text.DL_RTC_Common_getCalendarTime), (8 bytes).
    Removing dl_rtc_common.o(.text.DL_RTC_Common_setCalendarAlarm1), (100 bytes).
    Removing dl_rtc_common.o(.ARM.exidx.text.DL_RTC_Common_setCalendarAlarm1), (8 bytes).
    Removing dl_rtc_common.o(.text.DL_RTC_Common_getCalendarAlarm1), (88 bytes).
    Removing dl_rtc_common.o(.ARM.exidx.text.DL_RTC_Common_getCalendarAlarm1), (8 bytes).
    Removing dl_rtc_common.o(.text.DL_RTC_Common_enableCalendarAlarm1), (68 bytes).
    Removing dl_rtc_common.o(.ARM.exidx.text.DL_RTC_Common_enableCalendarAlarm1), (8 bytes).
    Removing dl_rtc_common.o(.text.DL_RTC_Common_disableCalendarAlarm1), (76 bytes).
    Removing dl_rtc_common.o(.ARM.exidx.text.DL_RTC_Common_disableCalendarAlarm1), (8 bytes).
    Removing dl_rtc_common.o(.text.DL_RTC_Common_setCalendarAlarm2), (100 bytes).
    Removing dl_rtc_common.o(.ARM.exidx.text.DL_RTC_Common_setCalendarAlarm2), (8 bytes).
    Removing dl_rtc_common.o(.text.DL_RTC_Common_getCalendarAlarm2), (88 bytes).
    Removing dl_rtc_common.o(.ARM.exidx.text.DL_RTC_Common_getCalendarAlarm2), (8 bytes).
    Removing dl_rtc_common.o(.text.DL_RTC_Common_enableCalendarAlarm2), (68 bytes).
    Removing dl_rtc_common.o(.ARM.exidx.text.DL_RTC_Common_enableCalendarAlarm2), (8 bytes).
    Removing dl_rtc_common.o(.text.DL_RTC_Common_disableCalendarAlarm2), (76 bytes).
    Removing dl_rtc_common.o(.ARM.exidx.text.DL_RTC_Common_disableCalendarAlarm2), (8 bytes).
    Removing dl_scratchpad.o(.text), (0 bytes).
    Removing dl_spi.o(.text), (0 bytes).
    Removing dl_spi.o(.text.DL_SPI_init), (68 bytes).
    Removing dl_spi.o(.ARM.exidx.text.DL_SPI_init), (8 bytes).
    Removing dl_spi.o(.text.DL_SPI_setClockConfig), (18 bytes).
    Removing dl_spi.o(.ARM.exidx.text.DL_SPI_setClockConfig), (8 bytes).
    Removing dl_spi.o(.text.DL_SPI_getClockConfig), (16 bytes).
    Removing dl_spi.o(.ARM.exidx.text.DL_SPI_getClockConfig), (8 bytes).
    Removing dl_spi.o(.text.DL_SPI_receiveDataBlocking8), (48 bytes).
    Removing dl_spi.o(.ARM.exidx.text.DL_SPI_receiveDataBlocking8), (8 bytes).
    Removing dl_spi.o(.text.DL_SPI_receiveDataBlocking16), (48 bytes).
    Removing dl_spi.o(.ARM.exidx.text.DL_SPI_receiveDataBlocking16), (8 bytes).
    Removing dl_spi.o(.text.DL_SPI_receiveDataBlocking32), (44 bytes).
    Removing dl_spi.o(.ARM.exidx.text.DL_SPI_receiveDataBlocking32), (8 bytes).
    Removing dl_spi.o(.text.DL_SPI_transmitDataBlocking8), (44 bytes).
    Removing dl_spi.o(.ARM.exidx.text.DL_SPI_transmitDataBlocking8), (8 bytes).
    Removing dl_spi.o(.text.DL_SPI_transmitDataBlocking16), (44 bytes).
    Removing dl_spi.o(.ARM.exidx.text.DL_SPI_transmitDataBlocking16), (8 bytes).
    Removing dl_spi.o(.text.DL_SPI_transmitDataBlocking32), (44 bytes).
    Removing dl_spi.o(.ARM.exidx.text.DL_SPI_transmitDataBlocking32), (8 bytes).
    Removing dl_spi.o(.text.DL_SPI_receiveDataCheck8), (32 bytes).
    Removing dl_spi.o(.ARM.exidx.text.DL_SPI_receiveDataCheck8), (8 bytes).
    Removing dl_spi.o(.text.DL_SPI_receiveDataCheck16), (32 bytes).
    Removing dl_spi.o(.ARM.exidx.text.DL_SPI_receiveDataCheck16), (8 bytes).
    Removing dl_spi.o(.text.DL_SPI_receiveDataCheck32), (32 bytes).
    Removing dl_spi.o(.ARM.exidx.text.DL_SPI_receiveDataCheck32), (8 bytes).
    Removing dl_spi.o(.text.DL_SPI_transmitDataCheck8), (32 bytes).
    Removing dl_spi.o(.ARM.exidx.text.DL_SPI_transmitDataCheck8), (8 bytes).
    Removing dl_spi.o(.text.DL_SPI_transmitDataCheck16), (32 bytes).
    Removing dl_spi.o(.ARM.exidx.text.DL_SPI_transmitDataCheck16), (8 bytes).
    Removing dl_spi.o(.text.DL_SPI_transmitDataCheck32), (32 bytes).
    Removing dl_spi.o(.ARM.exidx.text.DL_SPI_transmitDataCheck32), (8 bytes).
    Removing dl_spi.o(.text.DL_SPI_drainRXFIFO8), (128 bytes).
    Removing dl_spi.o(.ARM.exidx.text.DL_SPI_drainRXFIFO8), (8 bytes).
    Removing dl_spi.o(.text.DL_SPI_drainRXFIFO16), (128 bytes).
    Removing dl_spi.o(.ARM.exidx.text.DL_SPI_drainRXFIFO16), (8 bytes).
    Removing dl_spi.o(.text.DL_SPI_drainRXFIFO32), (128 bytes).
    Removing dl_spi.o(.ARM.exidx.text.DL_SPI_drainRXFIFO32), (8 bytes).
    Removing dl_spi.o(.text.DL_SPI_fillTXFIFO8), (128 bytes).
    Removing dl_spi.o(.ARM.exidx.text.DL_SPI_fillTXFIFO8), (8 bytes).
    Removing dl_spi.o(.text.DL_SPI_fillTXFIFO16), (124 bytes).
    Removing dl_spi.o(.ARM.exidx.text.DL_SPI_fillTXFIFO16), (8 bytes).
    Removing dl_spi.o(.text.DL_SPI_saveConfiguration), (104 bytes).
    Removing dl_spi.o(.ARM.exidx.text.DL_SPI_saveConfiguration), (8 bytes).
    Removing dl_spi.o(.text.DL_SPI_restoreConfiguration), (128 bytes).
    Removing dl_spi.o(.ARM.exidx.text.DL_SPI_restoreConfiguration), (8 bytes).
    Removing dl_spi.o(.text.DL_SPI_fillTXFIFO32), (124 bytes).
    Removing dl_spi.o(.ARM.exidx.text.DL_SPI_fillTXFIFO32), (8 bytes).
    Removing dl_tamperio.o(.text), (0 bytes).
    Removing dl_timer.o(.text), (0 bytes).
    Removing dl_timer.o(.text.DL_Timer_setClockConfig), (28 bytes).
    Removing dl_timer.o(.ARM.exidx.text.DL_Timer_setClockConfig), (8 bytes).
    Removing dl_timer.o(.text.DL_Timer_getClockConfig), (28 bytes).
    Removing dl_timer.o(.ARM.exidx.text.DL_Timer_getClockConfig), (8 bytes).
    Removing dl_timer.o(.text.DL_Timer_initTimerMode), (240 bytes).
    Removing dl_timer.o(.ARM.exidx.text.DL_Timer_initTimerMode), (8 bytes).
    Removing dl_timer.o(.text.DL_Timer_setCaptureCompareValue), (16 bytes).
    Removing dl_timer.o(.ARM.exidx.text.DL_Timer_setCaptureCompareValue), (8 bytes).
    Removing dl_timer.o(.text.DL_Timer_setCaptureCompareCtl), (40 bytes).
    Removing dl_timer.o(.ARM.exidx.text.DL_Timer_setCaptureCompareCtl), (8 bytes).
    Removing dl_timer.o(.text.DL_Timer_initCaptureMode), (280 bytes).
    Removing dl_timer.o(.ARM.exidx.text.DL_Timer_initCaptureMode), (8 bytes).
    Removing dl_timer.o(.text.DL_Timer_setCaptureCompareInput), (26 bytes).
    Removing dl_timer.o(.ARM.exidx.text.DL_Timer_setCaptureCompareInput), (8 bytes).
    Removing dl_timer.o(.text.DL_Timer_initCaptureTriggerMode), (116 bytes).
    Removing dl_timer.o(.ARM.exidx.text.DL_Timer_initCaptureTriggerMode), (8 bytes).
    Removing dl_timer.o(.text.DL_Timer_initCaptureCombinedMode), (224 bytes).
    Removing dl_timer.o(.ARM.exidx.text.DL_Timer_initCaptureCombinedMode), (8 bytes).
    Removing dl_timer.o(.text.DL_Timer_initCompareMode), (160 bytes).
    Removing dl_timer.o(.ARM.exidx.text.DL_Timer_initCompareMode), (8 bytes).
    Removing dl_timer.o(.text.DL_Timer_initCompareTriggerMode), (108 bytes).
    Removing dl_timer.o(.ARM.exidx.text.DL_Timer_initCompareTriggerMode), (8 bytes).
    Removing dl_timer.o(.text.DL_Timer_getCaptureCompareValue), (16 bytes).
    Removing dl_timer.o(.ARM.exidx.text.DL_Timer_getCaptureCompareValue), (8 bytes).
    Removing dl_timer.o(.text.DL_Timer_getCaptureCompareCtl), (24 bytes).
    Removing dl_timer.o(.ARM.exidx.text.DL_Timer_getCaptureCompareCtl), (8 bytes).
    Removing dl_timer.o(.text.DL_Timer_setSecondCompSrcDn), (28 bytes).
    Removing dl_timer.o(.ARM.exidx.text.DL_Timer_setSecondCompSrcDn), (8 bytes).
    Removing dl_timer.o(.text.DL_Timer_getSecondCompSrcDn), (20 bytes).
    Removing dl_timer.o(.ARM.exidx.text.DL_Timer_getSecondCompSrcDn), (8 bytes).
    Removing dl_timer.o(.text.DL_Timer_setSecondCompSrcUp), (28 bytes).
    Removing dl_timer.o(.ARM.exidx.text.DL_Timer_setSecondCompSrcUp), (8 bytes).
    Removing dl_timer.o(.text.DL_Timer_getSecondCompSrcUp), (20 bytes).
    Removing dl_timer.o(.ARM.exidx.text.DL_Timer_getSecondCompSrcUp), (8 bytes).
    Removing dl_timer.o(.text.DL_Timer_setSecondCompActionDn), (28 bytes).
    Removing dl_timer.o(.ARM.exidx.text.DL_Timer_setSecondCompActionDn), (8 bytes).
    Removing dl_timer.o(.text.DL_Timer_getSecondCompActionDn), (20 bytes).
    Removing dl_timer.o(.ARM.exidx.text.DL_Timer_getSecondCompActionDn), (8 bytes).
    Removing dl_timer.o(.text.DL_Timer_setSecondCompActionUp), (28 bytes).
    Removing dl_timer.o(.ARM.exidx.text.DL_Timer_setSecondCompActionUp), (8 bytes).
    Removing dl_timer.o(.text.DL_Timer_getSecondCompActionUp), (20 bytes).
    Removing dl_timer.o(.ARM.exidx.text.DL_Timer_getSecondCompActionUp), (8 bytes).
    Removing dl_timer.o(.text.DL_Timer_enableSuppressionOfCompEvent), (24 bytes).
    Removing dl_timer.o(.ARM.exidx.text.DL_Timer_enableSuppressionOfCompEvent), (8 bytes).
    Removing dl_timer.o(.text.DL_Timer_disableSuppressionOfCompEvent), (24 bytes).
    Removing dl_timer.o(.ARM.exidx.text.DL_Timer_disableSuppressionOfCompEvent), (8 bytes).
    Removing dl_timer.o(.text.DL_Timer_setCaptCompUpdateMethod), (28 bytes).
    Removing dl_timer.o(.ARM.exidx.text.DL_Timer_setCaptCompUpdateMethod), (8 bytes).
    Removing dl_timer.o(.text.DL_Timer_getCaptCompUpdateMethod), (20 bytes).
    Removing dl_timer.o(.ARM.exidx.text.DL_Timer_getCaptCompUpdateMethod), (8 bytes).
    Removing dl_timer.o(.text.DL_Timer_setCaptCompActUpdateMethod), (28 bytes).
    Removing dl_timer.o(.ARM.exidx.text.DL_Timer_setCaptCompActUpdateMethod), (8 bytes).
    Removing dl_timer.o(.text.DL_Timer_getCaptCompActUpdateMethod), (20 bytes).
    Removing dl_timer.o(.ARM.exidx.text.DL_Timer_getCaptCompActUpdateMethod), (8 bytes).
    Removing dl_timer.o(.text.DL_Timer_setCaptureCompareOutCtl), (24 bytes).
    Removing dl_timer.o(.ARM.exidx.text.DL_Timer_setCaptureCompareOutCtl), (8 bytes).
    Removing dl_timer.o(.text.DL_Timer_getCaptureCompareOutCtl), (16 bytes).
    Removing dl_timer.o(.ARM.exidx.text.DL_Timer_getCaptureCompareOutCtl), (8 bytes).
    Removing dl_timer.o(.text.DL_Timer_setCaptureCompareAction), (36 bytes).
    Removing dl_timer.o(.ARM.exidx.text.DL_Timer_setCaptureCompareAction), (8 bytes).
    Removing dl_timer.o(.text.DL_Timer_getCaptureCompareAction), (24 bytes).
    Removing dl_timer.o(.ARM.exidx.text.DL_Timer_getCaptureCompareAction), (8 bytes).
    Removing dl_timer.o(.text.DL_Timer_overrideCCPOut), (32 bytes).
    Removing dl_timer.o(.ARM.exidx.text.DL_Timer_overrideCCPOut), (8 bytes).
    Removing dl_timer.o(.text.DL_Timer_getCaptureCompareInput), (16 bytes).
    Removing dl_timer.o(.ARM.exidx.text.DL_Timer_getCaptureCompareInput), (8 bytes).
    Removing dl_timer.o(.text.DL_Timer_setCaptureCompareInputFilter), (28 bytes).
    Removing dl_timer.o(.ARM.exidx.text.DL_Timer_setCaptureCompareInputFilter), (8 bytes).
    Removing dl_timer.o(.text.DL_Timer_getCaptureCompareInputFilter), (18 bytes).
    Removing dl_timer.o(.ARM.exidx.text.DL_Timer_getCaptureCompareInputFilter), (8 bytes).
    Removing dl_timer.o(.text.DL_Timer_enableCaptureCompareInputFilter), (20 bytes).
    Removing dl_timer.o(.ARM.exidx.text.DL_Timer_enableCaptureCompareInputFilter), (8 bytes).
    Removing dl_timer.o(.text.DL_Timer_disableCaptureCompareInputFilter), (20 bytes).
    Removing dl_timer.o(.ARM.exidx.text.DL_Timer_disableCaptureCompareInputFilter), (8 bytes).
    Removing dl_timer.o(.text.DL_Timer_isCaptureCompareInputFilterEnabled), (20 bytes).
    Removing dl_timer.o(.ARM.exidx.text.DL_Timer_isCaptureCompareInputFilterEnabled), (8 bytes).
    Removing dl_timer.o(.text.DL_Timer_saveConfiguration), (304 bytes).
    Removing dl_timer.o(.ARM.exidx.text.DL_Timer_saveConfiguration), (8 bytes).
    Removing dl_timer.o(.text.DL_Timer_restoreConfiguration), (308 bytes).
    Removing dl_timer.o(.ARM.exidx.text.DL_Timer_restoreConfiguration), (8 bytes).
    Removing dl_timer.o(.text.DL_Timer_initFourCCPWMMode), (292 bytes).
    Removing dl_timer.o(.ARM.exidx.text.DL_Timer_initFourCCPWMMode), (8 bytes).
    Removing dl_timer.o(.text.DL_Timer_setFaultSourceConfig), (44 bytes).
    Removing dl_timer.o(.ARM.exidx.text.DL_Timer_setFaultSourceConfig), (8 bytes).
    Removing dl_timer.o(.text.DL_Timer_getFaultSourceConfig), (32 bytes).
    Removing dl_timer.o(.ARM.exidx.text.DL_Timer_getFaultSourceConfig), (8 bytes).
    Removing dl_timer.o(.text.DL_TimerA_saveConfiguration), (344 bytes).
    Removing dl_timer.o(.ARM.exidx.text.DL_TimerA_saveConfiguration), (8 bytes).
    Removing dl_timer.o(.text.DL_TimerA_restoreConfiguration), (360 bytes).
    Removing dl_timer.o(.ARM.exidx.text.DL_TimerA_restoreConfiguration), (8 bytes).
    Removing dl_timer.o(.text.DL_Timer_configQEIHallInputMode), (40 bytes).
    Removing dl_timer.o(.ARM.exidx.text.DL_Timer_configQEIHallInputMode), (8 bytes).
    Removing dl_timer.o(.rodata..Lswitch.table.DL_Timer_initCompareMode), (12 bytes).
    Removing dl_timera.o(.text), (0 bytes).
    Removing dl_timerg.o(.text), (0 bytes).
    Removing dl_trng.o(.text), (0 bytes).
    Removing dl_trng.o(.text.DL_TRNG_saveConfiguration), (44 bytes).
    Removing dl_trng.o(.ARM.exidx.text.DL_TRNG_saveConfiguration), (8 bytes).
    Removing dl_trng.o(.text.DL_TRNG_restoreConfiguration), (72 bytes).
    Removing dl_trng.o(.ARM.exidx.text.DL_TRNG_restoreConfiguration), (8 bytes).
    Removing dl_uart.o(.text), (0 bytes).
    Removing dl_uart.o(.ARM.exidx.text.DL_UART_init), (8 bytes).
    Removing dl_uart.o(.ARM.exidx.text.DL_UART_setClockConfig), (8 bytes).
    Removing dl_uart.o(.text.DL_UART_getClockConfig), (16 bytes).
    Removing dl_uart.o(.ARM.exidx.text.DL_UART_getClockConfig), (8 bytes).
    Removing dl_uart.o(.text.DL_UART_configBaudRate), (132 bytes).
    Removing dl_uart.o(.ARM.exidx.text.DL_UART_configBaudRate), (8 bytes).
    Removing dl_uart.o(.text.DL_UART_configIrDAMode), (68 bytes).
    Removing dl_uart.o(.ARM.exidx.text.DL_UART_configIrDAMode), (8 bytes).
    Removing dl_uart.o(.text.DL_UART_setIrDAPulseLength), (48 bytes).
    Removing dl_uart.o(.ARM.exidx.text.DL_UART_setIrDAPulseLength), (8 bytes).
    Removing dl_uart.o(.text.DL_UART_receiveDataBlocking), (40 bytes).
    Removing dl_uart.o(.ARM.exidx.text.DL_UART_receiveDataBlocking), (8 bytes).
    Removing dl_uart.o(.ARM.exidx.text.DL_UART_transmitDataBlocking), (8 bytes).
    Removing dl_uart.o(.text.DL_UART_receiveDataCheck), (28 bytes).
    Removing dl_uart.o(.ARM.exidx.text.DL_UART_receiveDataCheck), (8 bytes).
    Removing dl_uart.o(.text.DL_UART_transmitDataCheck), (28 bytes).
    Removing dl_uart.o(.ARM.exidx.text.DL_UART_transmitDataCheck), (8 bytes).
    Removing dl_uart.o(.text.DL_UART_drainRXFIFO), (116 bytes).
    Removing dl_uart.o(.ARM.exidx.text.DL_UART_drainRXFIFO), (8 bytes).
    Removing dl_uart.o(.text.DL_UART_fillTXFIFO), (116 bytes).
    Removing dl_uart.o(.ARM.exidx.text.DL_UART_fillTXFIFO), (8 bytes).
    Removing dl_uart.o(.text.DL_UART_Main_saveConfiguration), (116 bytes).
    Removing dl_uart.o(.ARM.exidx.text.DL_UART_Main_saveConfiguration), (8 bytes).
    Removing dl_uart.o(.text.DL_UART_Main_restoreConfiguration), (136 bytes).
    Removing dl_uart.o(.ARM.exidx.text.DL_UART_Main_restoreConfiguration), (8 bytes).
    Removing dl_uart.o(.text.DL_UART_Extend_saveConfiguration), (144 bytes).
    Removing dl_uart.o(.ARM.exidx.text.DL_UART_Extend_saveConfiguration), (8 bytes).
    Removing dl_uart.o(.text.DL_UART_Extend_restoreConfiguration), (168 bytes).
    Removing dl_uart.o(.ARM.exidx.text.DL_UART_Extend_restoreConfiguration), (8 bytes).
    Removing dl_vref.o(.text), (0 bytes).
    Removing dl_vref.o(.text.DL_VREF_configReference), (32 bytes).
    Removing dl_vref.o(.ARM.exidx.text.DL_VREF_configReference), (8 bytes).
    Removing dl_vref.o(.text.DL_VREF_setClockConfig), (18 bytes).
    Removing dl_vref.o(.ARM.exidx.text.DL_VREF_setClockConfig), (8 bytes).
    Removing dl_vref.o(.text.DL_VREF_getClockConfig), (16 bytes).
    Removing dl_vref.o(.ARM.exidx.text.DL_VREF_getClockConfig), (8 bytes).
    Removing dl_wwdt.o(.text), (0 bytes).
    Removing led.o(.text), (0 bytes).
    Removing led.o(.ARM.exidx.text.LED_Init), (8 bytes).
    Removing led.o(.ARM.exidx.text.LED2_ON), (8 bytes).
    Removing led.o(.ARM.exidx.text.LED2_OFF), (8 bytes).
    Removing led.o(.text.LED2_Turn), (12 bytes).
    Removing led.o(.ARM.exidx.text.LED2_Turn), (8 bytes).
    Removing led.o(.ARM.exidx.text.LED3_ON), (8 bytes).
    Removing led.o(.ARM.exidx.text.LED3_OFF), (8 bytes).
    Removing led.o(.text.LED3_Turn), (12 bytes).
    Removing led.o(.ARM.exidx.text.LED3_Turn), (8 bytes).
    Removing led.o(.ARM.exidx.text.LED4_ON), (8 bytes).
    Removing led.o(.ARM.exidx.text.LED4_OFF), (8 bytes).
    Removing led.o(.text.LED4_Turn), (16 bytes).
    Removing led.o(.ARM.exidx.text.LED4_Turn), (8 bytes).
    Removing key.o(.text), (0 bytes).
    Removing key.o(.text.Key_GPIO_Init), (52 bytes).
    Removing key.o(.ARM.exidx.text.Key_GPIO_Init), (8 bytes).
    Removing key.o(.ARM.exidx.text.Key_Init), (8 bytes).
    Removing key.o(.ARM.exidx.text.Key_Update), (8 bytes).
    Removing key.o(.ARM.exidx.text.Key_GetNum), (8 bytes).
    Removing oled.o(.text), (0 bytes).
    Removing oled.o(.text.OLED_W_SCL), (28 bytes).
    Removing oled.o(.ARM.exidx.text.OLED_W_SCL), (8 bytes).
    Removing oled.o(.text.OLED_W_SDA), (28 bytes).
    Removing oled.o(.ARM.exidx.text.OLED_W_SDA), (8 bytes).
    Removing oled.o(.text.OLED_I2C_Init), (52 bytes).
    Removing oled.o(.ARM.exidx.text.OLED_I2C_Init), (8 bytes).
    Removing oled.o(.text.OLED_I2C_Start), (52 bytes).
    Removing oled.o(.ARM.exidx.text.OLED_I2C_Start), (8 bytes).
    Removing oled.o(.text.OLED_I2C_Stop), (40 bytes).
    Removing oled.o(.ARM.exidx.text.OLED_I2C_Stop), (8 bytes).
    Removing oled.o(.ARM.exidx.text.OLED_I2C_SendByte), (8 bytes).
    Removing oled.o(.ARM.exidx.text.OLED_WriteCommand), (8 bytes).
    Removing oled.o(.ARM.exidx.text.OLED_WriteData), (8 bytes).
    Removing oled.o(.text.OLED_SetCursor), (30 bytes).
    Removing oled.o(.ARM.exidx.text.OLED_SetCursor), (8 bytes).
    Removing oled.o(.ARM.exidx.text.OLED_Clear), (8 bytes).
    Removing oled.o(.text.OLED_ShowChar), (196 bytes).
    Removing oled.o(.ARM.exidx.text.OLED_ShowChar), (8 bytes).
    Removing oled.o(.text.OLED_ShowString), (44 bytes).
    Removing oled.o(.ARM.exidx.text.OLED_ShowString), (8 bytes).
    Removing oled.o(.text.OLED_Pow), (60 bytes).
    Removing oled.o(.ARM.exidx.text.OLED_Pow), (8 bytes).
    Removing oled.o(.text.OLED_ShowNum), (144 bytes).
    Removing oled.o(.ARM.exidx.text.OLED_ShowNum), (8 bytes).
    Removing oled.o(.text.OLED_ShowSignedNum), (180 bytes).
    Removing oled.o(.ARM.exidx.text.OLED_ShowSignedNum), (8 bytes).
    Removing oled.o(.text.OLED_ShowHexNum), (132 bytes).
    Removing oled.o(.ARM.exidx.text.OLED_ShowHexNum), (8 bytes).
    Removing oled.o(.text.OLED_ShowBinNum), (130 bytes).
    Removing oled.o(.ARM.exidx.text.OLED_ShowBinNum), (8 bytes).
    Removing oled.o(.ARM.exidx.text.OLED_Init), (8 bytes).
    Removing oled.o(.rodata.OLED_F8x16), (1520 bytes).
    Removing delay.o(.text), (0 bytes).
    Removing delay.o(.ARM.exidx.text.Delay_us), (8 bytes).
    Removing delay.o(.ARM.exidx.text.Delay_ms), (8 bytes).
    Removing delay.o(.text.Delay_s), (28 bytes).
    Removing delay.o(.ARM.exidx.text.Delay_s), (8 bytes).
    Removing delay.o(.text.Power_Delay), (10 bytes).
    Removing delay.o(.ARM.exidx.text.Power_Delay), (8 bytes).
    Removing sysclock.o(.text), (0 bytes).
    Removing sysclock.o(.ARM.exidx.text.SysClock_init), (8 bytes).
    Removing dl_sysctl_mspm0g1x0x_g3x0x.o(.text), (0 bytes).
    Removing dl_sysctl_mspm0g1x0x_g3x0x.o(.ARM.exidx.text.DL_SYSCTL_configSYSPLL), (8 bytes).
    Removing dl_sysctl_mspm0g1x0x_g3x0x.o(.text.DL_SYSCTL_setLFCLKSourceLFXT), (80 bytes).
    Removing dl_sysctl_mspm0g1x0x_g3x0x.o(.ARM.exidx.text.DL_SYSCTL_setLFCLKSourceLFXT), (8 bytes).
    Removing dl_sysctl_mspm0g1x0x_g3x0x.o(.text.DL_SYSCTL_switchMCLKfromSYSOSCtoLFCLK), (60 bytes).
    Removing dl_sysctl_mspm0g1x0x_g3x0x.o(.ARM.exidx.text.DL_SYSCTL_switchMCLKfromSYSOSCtoLFCLK), (8 bytes).
    Removing dl_sysctl_mspm0g1x0x_g3x0x.o(.text.DL_SYSCTL_switchMCLKfromLFCLKtoSYSOSC), (40 bytes).
    Removing dl_sysctl_mspm0g1x0x_g3x0x.o(.ARM.exidx.text.DL_SYSCTL_switchMCLKfromLFCLKtoSYSOSC), (8 bytes).
    Removing dl_sysctl_mspm0g1x0x_g3x0x.o(.ARM.exidx.text.DL_SYSCTL_switchMCLKfromSYSOSCtoHSCLK), (8 bytes).
    Removing dl_sysctl_mspm0g1x0x_g3x0x.o(.text.DL_SYSCTL_switchMCLKfromHSCLKtoSYSOSC), (32 bytes).
    Removing dl_sysctl_mspm0g1x0x_g3x0x.o(.ARM.exidx.text.DL_SYSCTL_switchMCLKfromHSCLKtoSYSOSC), (8 bytes).
    Removing dl_sysctl_mspm0g1x0x_g3x0x.o(.text.DL_SYSCTL_setHFCLKSourceHFXT), (76 bytes).
    Removing dl_sysctl_mspm0g1x0x_g3x0x.o(.ARM.exidx.text.DL_SYSCTL_setHFCLKSourceHFXT), (8 bytes).
    Removing dl_sysctl_mspm0g1x0x_g3x0x.o(.ARM.exidx.text.DL_SYSCTL_setHFCLKSourceHFXTParams), (8 bytes).
    Removing dl_sysctl_mspm0g1x0x_g3x0x.o(.text.DL_SYSCTL_configFCC), (28 bytes).
    Removing dl_sysctl_mspm0g1x0x_g3x0x.o(.ARM.exidx.text.DL_SYSCTL_configFCC), (8 bytes).
    Removing dl_sysctl_mspm0g1x0x_g3x0x.o(.text.DL_SYSCTL_getPowerPolicyRUNSLEEP), (48 bytes).
    Removing dl_sysctl_mspm0g1x0x_g3x0x.o(.ARM.exidx.text.DL_SYSCTL_getPowerPolicyRUNSLEEP), (8 bytes).
    Removing dl_sysctl_mspm0g1x0x_g3x0x.o(.text.DL_SYSCTL_getPowerPolicySTOP), (52 bytes).
    Removing dl_sysctl_mspm0g1x0x_g3x0x.o(.ARM.exidx.text.DL_SYSCTL_getPowerPolicySTOP), (8 bytes).
    Removing dl_sysctl_mspm0g1x0x_g3x0x.o(.text.DL_SYSCTL_getPowerPolicySTANDBY), (40 bytes).
    Removing dl_sysctl_mspm0g1x0x_g3x0x.o(.ARM.exidx.text.DL_SYSCTL_getPowerPolicySTANDBY), (8 bytes).

723 unused section(s) (total 26874 bytes) removed from the image.

==============================================================================

Image Symbol Table

    Local Symbols

    Symbol Name                              Value     Ov Type        Size  Object(Section)

    ../clib/division.s                       0x00000000   Number         0  aeabi_sdivfast.o ABSOLUTE
    ../clib/division.s                       0x00000000   Number         0  aeabi_sdivfast_div0.o ABSOLUTE
    ../clib/microlib/division.c              0x00000000   Number         0  uidiv.o ABSOLUTE
    ../clib/microlib/division.c              0x00000000   Number         0  uidiv_div0.o ABSOLUTE
    ../clib/microlib/division.c              0x00000000   Number         0  idiv_div0.o ABSOLUTE
    ../clib/microlib/division.c              0x00000000   Number         0  idiv0.o ABSOLUTE
    ../clib/microlib/init/entry.s            0x00000000   Number         0  entry.o ABSOLUTE
    ../clib/microlib/init/entry.s            0x00000000   Number         0  entry2.o ABSOLUTE
    ../clib/microlib/init/entry.s            0x00000000   Number         0  entry5.o ABSOLUTE
    ../clib/microlib/init/entry.s            0x00000000   Number         0  entry7a.o ABSOLUTE
    ../clib/microlib/init/entry.s            0x00000000   Number         0  entry7b.o ABSOLUTE
    ../clib/microlib/init/entry.s            0x00000000   Number         0  entry8a.o ABSOLUTE
    ../clib/microlib/init/entry.s            0x00000000   Number         0  entry8b.o ABSOLUTE
    ../clib/microlib/init/entry.s            0x00000000   Number         0  entry9a.o ABSOLUTE
    ../clib/microlib/init/entry.s            0x00000000   Number         0  entry9b.o ABSOLUTE
    ../clib/microlib/init/entry.s            0x00000000   Number         0  entry10a.o ABSOLUTE
    ../clib/microlib/init/entry.s            0x00000000   Number         0  entry10b.o ABSOLUTE
    ../clib/microlib/init/entry.s            0x00000000   Number         0  entry11a.o ABSOLUTE
    ../clib/microlib/init/entry.s            0x00000000   Number         0  entry11b.o ABSOLUTE
    ../clib/microlib/stdio/puts.c            0x00000000   Number         0  puts.o ABSOLUTE
    ../clib/microlib/stdio/puts.c            0x00000000   Number         0  puts_e.o ABSOLUTE
    ../clib/microlib/stdio/streams.c         0x00000000   Number         0  stdout.o ABSOLUTE
    Delay.c                                  0x00000000   Number         0  delay.o ABSOLUTE
    Key.c                                    0x00000000   Number         0  key.o ABSOLUTE
    LED.c                                    0x00000000   Number         0  led.o ABSOLUTE
    OLED.c                                   0x00000000   Number         0  oled.o ABSOLUTE
    SysClock.c                               0x00000000   Number         0  sysclock.o ABSOLUTE
    UART.c                                   0x00000000   Number         0  uart.o ABSOLUTE
    WDT.c                                    0x00000000   Number         0  wdt.o ABSOLUTE
    dc.s                                     0x00000000   Number         0  dc.o ABSOLUTE
    dl_adc12.c                               0x00000000   Number         0  dl_adc12.o ABSOLUTE
    dl_aes.c                                 0x00000000   Number         0  dl_aes.o ABSOLUTE
    dl_aesadv.c                              0x00000000   Number         0  dl_aesadv.o ABSOLUTE
    dl_common.c                              0x00000000   Number         0  dl_common.o ABSOLUTE
    dl_comp.c                                0x00000000   Number         0  dl_comp.o ABSOLUTE
    dl_crc.c                                 0x00000000   Number         0  dl_crc.o ABSOLUTE
    dl_crcp.c                                0x00000000   Number         0  dl_crcp.o ABSOLUTE
    dl_dac12.c                               0x00000000   Number         0  dl_dac12.o ABSOLUTE
    dl_dma.c                                 0x00000000   Number         0  dl_dma.o ABSOLUTE
    dl_flashctl.c                            0x00000000   Number         0  dl_flashctl.o ABSOLUTE
    dl_gpamp.c                               0x00000000   Number         0  dl_gpamp.o ABSOLUTE
    dl_gpio.c                                0x00000000   Number         0  dl_gpio.o ABSOLUTE
    dl_i2c.c                                 0x00000000   Number         0  dl_i2c.o ABSOLUTE
    dl_iwdt.c                                0x00000000   Number         0  dl_iwdt.o ABSOLUTE
    dl_keystorectl.c                         0x00000000   Number         0  dl_keystorectl.o ABSOLUTE
    dl_lcd.c                                 0x00000000   Number         0  dl_lcd.o ABSOLUTE
    dl_lfss.c                                0x00000000   Number         0  dl_lfss.o ABSOLUTE
    dl_mathacl.c                             0x00000000   Number         0  dl_mathacl.o ABSOLUTE
    dl_mcan.c                                0x00000000   Number         0  dl_mcan.o ABSOLUTE
    dl_opa.c                                 0x00000000   Number         0  dl_opa.o ABSOLUTE
    dl_rtc.c                                 0x00000000   Number         0  dl_rtc.o ABSOLUTE
    dl_rtc_a.c                               0x00000000   Number         0  dl_rtc_a.o ABSOLUTE
    dl_rtc_b.c                               0x00000000   Number         0  dl_rtc_b.o ABSOLUTE
    dl_rtc_common.c                          0x00000000   Number         0  dl_rtc_common.o ABSOLUTE
    dl_scratchpad.c                          0x00000000   Number         0  dl_scratchpad.o ABSOLUTE
    dl_spi.c                                 0x00000000   Number         0  dl_spi.o ABSOLUTE
    dl_sysctl_mspm0g1x0x_g3x0x.c             0x00000000   Number         0  dl_sysctl_mspm0g1x0x_g3x0x.o ABSOLUTE
    dl_tamperio.c                            0x00000000   Number         0  dl_tamperio.o ABSOLUTE
    dl_timer.c                               0x00000000   Number         0  dl_timer.o ABSOLUTE
    dl_timera.c                              0x00000000   Number         0  dl_timera.o ABSOLUTE
    dl_timerg.c                              0x00000000   Number         0  dl_timerg.o ABSOLUTE
    dl_trng.c                                0x00000000   Number         0  dl_trng.o ABSOLUTE
    dl_uart.c                                0x00000000   Number         0  dl_uart.o ABSOLUTE
    dl_vref.c                                0x00000000   Number         0  dl_vref.o ABSOLUTE
    dl_wwdt.c                                0x00000000   Number         0  dl_wwdt.o ABSOLUTE
    handlers.s                               0x00000000   Number         0  handlers.o ABSOLUTE
    init.s                                   0x00000000   Number         0  init.o ABSOLUTE
    main.c                                   0x00000000   Number         0  main.o ABSOLUTE
    startup_mspm0g350x_uvision.s             0x00000000   Number         0  startup_mspm0g350x_uvision.o ABSOLUTE
    ti_msp_dl_config.c                       0x00000000   Number         0  ti_msp_dl_config.o ABSOLUTE
    RESET                                    0x00000000   Section      192  startup_mspm0g350x_uvision.o(RESET)
    .ARM.Collect$$$$00000000                 0x000000c0   Section        0  entry.o(.ARM.Collect$$$$00000000)
    .ARM.Collect$$$$00000001                 0x000000c0   Section        4  entry2.o(.ARM.Collect$$$$00000001)
    .ARM.Collect$$$$00000004                 0x000000c4   Section        4  entry5.o(.ARM.Collect$$$$00000004)
    .ARM.Collect$$$$00000008                 0x000000c8   Section        0  entry7b.o(.ARM.Collect$$$$00000008)
    .ARM.Collect$$$$0000000A                 0x000000c8   Section        0  entry8b.o(.ARM.Collect$$$$0000000A)
    .ARM.Collect$$$$0000000B                 0x000000c8   Section        8  entry9a.o(.ARM.Collect$$$$0000000B)
    __lit__00000000                          0x000000d0   Data           4  entry2.o(.ARM.Collect$$$$00002712)
    .ARM.Collect$$$$0000000D                 0x000000d0   Section        0  entry10a.o(.ARM.Collect$$$$0000000D)
    .ARM.Collect$$$$0000000F                 0x000000d0   Section        0  entry11a.o(.ARM.Collect$$$$0000000F)
    .ARM.Collect$$$$00002712                 0x000000d0   Section        4  entry2.o(.ARM.Collect$$$$00002712)
    .text                                    0x000000d4   Section       20  startup_mspm0g350x_uvision.o(.text)
    .text                                    0x000000e8   Section       48  init.o(.text)
    [Anonymous Symbol]                       0x00000118   Section        0  dl_common.o(.text.DL_Common_delayCycles)
    [Anonymous Symbol]                       0x00000124   Section        0  dl_sysctl_mspm0g1x0x_g3x0x.o(.text.DL_SYSCTL_configSYSPLL)
    __arm_cp.0_0                             0x000001d8   Number         4  dl_sysctl_mspm0g1x0x_g3x0x.o(.text.DL_SYSCTL_configSYSPLL)
    __arm_cp.0_2                             0x000001dc   Number         4  dl_sysctl_mspm0g1x0x_g3x0x.o(.text.DL_SYSCTL_configSYSPLL)
    __arm_cp.0_3                             0x000001e0   Number         4  dl_sysctl_mspm0g1x0x_g3x0x.o(.text.DL_SYSCTL_configSYSPLL)
    __arm_cp.0_4                             0x000001e4   Number         4  dl_sysctl_mspm0g1x0x_g3x0x.o(.text.DL_SYSCTL_configSYSPLL)
    [Anonymous Symbol]                       0x000001e8   Section        0  dl_sysctl_mspm0g1x0x_g3x0x.o(.text.DL_SYSCTL_setHFCLKSourceHFXTParams)
    __arm_cp.7_0                             0x00000234   Number         4  dl_sysctl_mspm0g1x0x_g3x0x.o(.text.DL_SYSCTL_setHFCLKSourceHFXTParams)
    [Anonymous Symbol]                       0x00000238   Section        0  dl_sysctl_mspm0g1x0x_g3x0x.o(.text.DL_SYSCTL_switchMCLKfromSYSOSCtoHSCLK)
    __arm_cp.4_0                             0x00000258   Number         4  dl_sysctl_mspm0g1x0x_g3x0x.o(.text.DL_SYSCTL_switchMCLKfromSYSOSCtoHSCLK)
    __arm_cp.4_1                             0x0000025c   Number         4  dl_sysctl_mspm0g1x0x_g3x0x.o(.text.DL_SYSCTL_switchMCLKfromSYSOSCtoHSCLK)
    [Anonymous Symbol]                       0x00000260   Section        0  dl_uart.o(.text.DL_UART_init)
    __arm_cp.0_0                             0x000002a0   Number         4  dl_uart.o(.text.DL_UART_init)
    __arm_cp.0_1                             0x000002a4   Number         4  dl_uart.o(.text.DL_UART_init)
    [Anonymous Symbol]                       0x000002a8   Section        0  dl_uart.o(.text.DL_UART_setClockConfig)
    [Anonymous Symbol]                       0x000002bc   Section        0  dl_uart.o(.text.DL_UART_transmitDataBlocking)
    __arm_cp.7_0                             0x000002dc   Number         4  dl_uart.o(.text.DL_UART_transmitDataBlocking)
    [Anonymous Symbol]                       0x000002e0   Section        0  delay.o(.text.Delay_ms)
    __arm_cp.1_0                             0x000002f8   Number         4  delay.o(.text.Delay_ms)
    [Anonymous Symbol]                       0x000002fc   Section        0  delay.o(.text.Delay_us)
    [Anonymous Symbol]                       0x00000310   Section        0  main.o(.text.GROUP0_IRQHandler)
    __arm_cp.1_0                             0x0000032c   Number         4  main.o(.text.GROUP0_IRQHandler)
    __arm_cp.1_1                             0x00000330   Number         4  main.o(.text.GROUP0_IRQHandler)
    [Anonymous Symbol]                       0x00000334   Section        0  key.o(.text.Key_GetNum)
    [Anonymous Symbol]                       0x00000380   Section        0  key.o(.text.Key_Init)
    __arm_cp.1_1                             0x000003cc   Number         4  key.o(.text.Key_Init)
    __arm_cp.1_2                             0x000003d0   Number         4  key.o(.text.Key_Init)
    [Anonymous Symbol]                       0x000003d4   Section        0  key.o(.text.Key_Update)
    __arm_cp.2_0                             0x000004bc   Number         4  key.o(.text.Key_Update)
    [Anonymous Symbol]                       0x000004c0   Section        0  led.o(.text.LED2_OFF)
    [Anonymous Symbol]                       0x000004c8   Section        0  led.o(.text.LED2_ON)
    [Anonymous Symbol]                       0x000004d0   Section        0  led.o(.text.LED3_OFF)
    [Anonymous Symbol]                       0x000004d8   Section        0  led.o(.text.LED3_ON)
    [Anonymous Symbol]                       0x000004e0   Section        0  led.o(.text.LED4_OFF)
    [Anonymous Symbol]                       0x000004ec   Section        0  led.o(.text.LED4_ON)
    __arm_cp.7_0                             0x000004f8   Number         4  led.o(.text.LED4_ON)
    [Anonymous Symbol]                       0x000004fc   Section        0  led.o(.text.LED_Init)
    __arm_cp.0_0                             0x00000514   Number         4  led.o(.text.LED_Init)
    __arm_cp.0_1                             0x00000518   Number         4  led.o(.text.LED_Init)
    [Anonymous Symbol]                       0x0000051c   Section        0  oled.o(.text.OLED_Clear)
    [Anonymous Symbol]                       0x00000630   Section        0  oled.o(.text.OLED_I2C_SendByte)
    [Anonymous Symbol]                       0x00000774   Section        0  oled.o(.text.OLED_Init)
    __arm_cp.17_0                            0x0000082c   Number         4  oled.o(.text.OLED_Init)
    [Anonymous Symbol]                       0x00000830   Section        0  oled.o(.text.OLED_WriteCommand)
    [Anonymous Symbol]                       0x0000088c   Section        0  oled.o(.text.OLED_WriteData)
    __arm_cp.7_0                             0x000008e8   Number         4  oled.o(.text.OLED_WriteData)
    [Anonymous Symbol]                       0x000008ec   Section        0  ti_msp_dl_config.o(.text.SYSCFG_DL_init)
    [Anonymous Symbol]                       0x000008f4   Section        0  ti_msp_dl_config.o(.text.SYSCFG_DL_initPower)
    __arm_cp.1_0                             0x0000091c   Number         4  ti_msp_dl_config.o(.text.SYSCFG_DL_initPower)
    __arm_cp.1_1                             0x00000920   Number         4  ti_msp_dl_config.o(.text.SYSCFG_DL_initPower)
    __arm_cp.1_2                             0x00000924   Number         4  ti_msp_dl_config.o(.text.SYSCFG_DL_initPower)
    __arm_cp.1_3                             0x00000928   Number         4  ti_msp_dl_config.o(.text.SYSCFG_DL_initPower)
    __arm_cp.1_4                             0x0000092c   Number         4  ti_msp_dl_config.o(.text.SYSCFG_DL_initPower)
    __arm_cp.1_5                             0x00000930   Number         4  ti_msp_dl_config.o(.text.SYSCFG_DL_initPower)
    [Anonymous Symbol]                       0x00000934   Section        0  sysclock.o(.text.SysClock_init)
    __arm_cp.0_0                             0x00000988   Number         4  sysclock.o(.text.SysClock_init)
    __arm_cp.0_1                             0x0000098c   Number         4  sysclock.o(.text.SysClock_init)
    __arm_cp.0_2                             0x00000990   Number         4  sysclock.o(.text.SysClock_init)
    __arm_cp.0_3                             0x00000994   Number         4  sysclock.o(.text.SysClock_init)
    [Anonymous Symbol]                       0x00000998   Section        0  main.o(.text.UART0_IRQHandler)
    __arm_cp.2_0                             0x000009b0   Number         4  main.o(.text.UART0_IRQHandler)
    __arm_cp.2_1                             0x000009b4   Number         4  main.o(.text.UART0_IRQHandler)
    __arm_cp.2_2                             0x000009b8   Number         4  main.o(.text.UART0_IRQHandler)
    [Anonymous Symbol]                       0x000009bc   Section        0  uart.o(.text.UART0_init)
    __arm_cp.0_0                             0x00000a48   Number         4  uart.o(.text.UART0_init)
    __arm_cp.0_1                             0x00000a4c   Number         4  uart.o(.text.UART0_init)
    __arm_cp.0_3                             0x00000a50   Number         4  uart.o(.text.UART0_init)
    __arm_cp.0_4                             0x00000a54   Number         4  uart.o(.text.UART0_init)
    __arm_cp.0_5                             0x00000a58   Number         4  uart.o(.text.UART0_init)
    __arm_cp.0_6                             0x00000a5c   Number         4  uart.o(.text.UART0_init)
    __arm_cp.0_7                             0x00000a60   Number         4  uart.o(.text.UART0_init)
    __arm_cp.0_8                             0x00000a64   Number         4  uart.o(.text.UART0_init)
    [Anonymous Symbol]                       0x00000a68   Section        0  wdt.o(.text.WDT_init)
    __arm_cp.0_0                             0x00000a88   Number         4  wdt.o(.text.WDT_init)
    __arm_cp.0_1                             0x00000a8c   Number         4  wdt.o(.text.WDT_init)
    __arm_cp.0_2                             0x00000a90   Number         4  wdt.o(.text.WDT_init)
    __arm_cp.0_3                             0x00000a94   Number         4  wdt.o(.text.WDT_init)
    __arm_cp.0_4                             0x00000a98   Number         4  wdt.o(.text.WDT_init)
    [Anonymous Symbol]                       0x00000a9c   Section        0  uart.o(.text.fputc)
    __arm_cp.1_0                             0x00000aac   Number         4  uart.o(.text.fputc)
    [Anonymous Symbol]                       0x00000ab0   Section        0  main.o(.text.main)
    i.__scatterload_copy                     0x00000b38   Section       14  handlers.o(i.__scatterload_copy)
    i.__scatterload_null                     0x00000b48   Section        2  handlers.o(i.__scatterload_null)
    i.__scatterload_zeroinit                 0x00000b50   Section       14  handlers.o(i.__scatterload_zeroinit)
    i.puts                                   0x00000b60   Section        0  puts.o(i.puts)
    gSYSPLLConfig                            0x00000b80   Data          40  sysclock.o(.rodata.gSYSPLLConfig)
    [Anonymous Symbol]                       0x00000b80   Section        0  sysclock.o(.rodata.gSYSPLLConfig)
    gUART_0ClockConfig                       0x00000ba8   Data           2  uart.o(.rodata.gUART_0ClockConfig)
    [Anonymous Symbol]                       0x00000ba8   Section        0  uart.o(.rodata.gUART_0ClockConfig)
    gUART_0Config                            0x00000baa   Data          10  uart.o(.rodata.gUART_0Config)
    [Anonymous Symbol]                       0x00000baa   Section        0  uart.o(.rodata.gUART_0Config)
    .data                                    0x20200000   Section        4  stdout.o(.data)
    Keys                                     0x20200004   Data          80  key.o(.data.Keys)
    [Anonymous Symbol]                       0x20200004   Section        0  key.o(.data.Keys)
    STACK                                    0x20200060   Section      256  startup_mspm0g350x_uvision.o(STACK)

    Global Symbols

    Symbol Name                              Value     Ov Type        Size  Object(Section)

    BuildAttributes$$THM_ISAv3M$S$PE$A:L22$X:L11$S22$IEEE1$IW$~IW$USESV6$~STKCKD$USESV7$~SHL$OTIME$EBA8$MICROLIB$REQ8$PRES8$EABIv2 0x00000000   Number         0  anon$$obj.o ABSOLUTE
    __Vectors                                0x00000000   Data           4  startup_mspm0g350x_uvision.o(RESET)
    __cpp_initialize__aeabi_                  - Undefined Weak Reference
    __cxa_finalize                            - Undefined Weak Reference
    __decompress                              - Undefined Weak Reference
    _clock_init                               - Undefined Weak Reference
    _microlib_exit                            - Undefined Weak Reference
    __Vectors_End                            0x000000c0   Data           0  startup_mspm0g350x_uvision.o(RESET)
    __Vectors_Size                           0x000000c0   Number         0  startup_mspm0g350x_uvision.o ABSOLUTE
    __main                                   0x000000c1   Thumb Code     0  entry.o(.ARM.Collect$$$$00000000)
    _main_stk                                0x000000c1   Thumb Code     0  entry2.o(.ARM.Collect$$$$00000001)
    _main_scatterload                        0x000000c5   Thumb Code     0  entry5.o(.ARM.Collect$$$$00000004)
    __main_after_scatterload                 0x000000c9   Thumb Code     0  entry5.o(.ARM.Collect$$$$00000004)
    _main_clock                              0x000000c9   Thumb Code     0  entry7b.o(.ARM.Collect$$$$00000008)
    _main_cpp_init                           0x000000c9   Thumb Code     0  entry8b.o(.ARM.Collect$$$$0000000A)
    _main_init                               0x000000c9   Thumb Code     0  entry9a.o(.ARM.Collect$$$$0000000B)
    __rt_final_cpp                           0x000000d1   Thumb Code     0  entry10a.o(.ARM.Collect$$$$0000000D)
    __rt_final_exit                          0x000000d1   Thumb Code     0  entry11a.o(.ARM.Collect$$$$0000000F)
    Reset_Handler                            0x000000d5   Thumb Code     4  startup_mspm0g350x_uvision.o(.text)
    NMI_Handler                              0x000000d9   Thumb Code     2  startup_mspm0g350x_uvision.o(.text)
    HardFault_Handler                        0x000000db   Thumb Code     2  startup_mspm0g350x_uvision.o(.text)
    SVC_Handler                              0x000000dd   Thumb Code     2  startup_mspm0g350x_uvision.o(.text)
    PendSV_Handler                           0x000000df   Thumb Code     2  startup_mspm0g350x_uvision.o(.text)
    SysTick_Handler                          0x000000e1   Thumb Code     2  startup_mspm0g350x_uvision.o(.text)
    ADC0_IRQHandler                          0x000000e3   Thumb Code     0  startup_mspm0g350x_uvision.o(.text)
    ADC1_IRQHandler                          0x000000e3   Thumb Code     0  startup_mspm0g350x_uvision.o(.text)
    AES_IRQHandler                           0x000000e3   Thumb Code     0  startup_mspm0g350x_uvision.o(.text)
    CANFD0_IRQHandler                        0x000000e3   Thumb Code     0  startup_mspm0g350x_uvision.o(.text)
    DAC0_IRQHandler                          0x000000e3   Thumb Code     0  startup_mspm0g350x_uvision.o(.text)
    DMA_IRQHandler                           0x000000e3   Thumb Code     0  startup_mspm0g350x_uvision.o(.text)
    Default_Handler                          0x000000e3   Thumb Code     2  startup_mspm0g350x_uvision.o(.text)
    GROUP1_IRQHandler                        0x000000e3   Thumb Code     0  startup_mspm0g350x_uvision.o(.text)
    I2C0_IRQHandler                          0x000000e3   Thumb Code     0  startup_mspm0g350x_uvision.o(.text)
    I2C1_IRQHandler                          0x000000e3   Thumb Code     0  startup_mspm0g350x_uvision.o(.text)
    RTC_IRQHandler                           0x000000e3   Thumb Code     0  startup_mspm0g350x_uvision.o(.text)
    SPI0_IRQHandler                          0x000000e3   Thumb Code     0  startup_mspm0g350x_uvision.o(.text)
    SPI1_IRQHandler                          0x000000e3   Thumb Code     0  startup_mspm0g350x_uvision.o(.text)
    TIMA0_IRQHandler                         0x000000e3   Thumb Code     0  startup_mspm0g350x_uvision.o(.text)
    TIMA1_IRQHandler                         0x000000e3   Thumb Code     0  startup_mspm0g350x_uvision.o(.text)
    TIMG0_IRQHandler                         0x000000e3   Thumb Code     0  startup_mspm0g350x_uvision.o(.text)
    TIMG12_IRQHandler                        0x000000e3   Thumb Code     0  startup_mspm0g350x_uvision.o(.text)
    TIMG6_IRQHandler                         0x000000e3   Thumb Code     0  startup_mspm0g350x_uvision.o(.text)
    TIMG7_IRQHandler                         0x000000e3   Thumb Code     0  startup_mspm0g350x_uvision.o(.text)
    TIMG8_IRQHandler                         0x000000e3   Thumb Code     0  startup_mspm0g350x_uvision.o(.text)
    UART1_IRQHandler                         0x000000e3   Thumb Code     0  startup_mspm0g350x_uvision.o(.text)
    UART2_IRQHandler                         0x000000e3   Thumb Code     0  startup_mspm0g350x_uvision.o(.text)
    UART3_IRQHandler                         0x000000e3   Thumb Code     0  startup_mspm0g350x_uvision.o(.text)
    __scatterload                            0x000000e9   Thumb Code    38  init.o(.text)
    __scatterload_rt2                        0x000000e9   Thumb Code     0  init.o(.text)
    DL_Common_delayCycles                    0x00000119   Thumb Code    10  dl_common.o(.text.DL_Common_delayCycles)
    DL_SYSCTL_configSYSPLL                   0x00000125   Thumb Code   196  dl_sysctl_mspm0g1x0x_g3x0x.o(.text.DL_SYSCTL_configSYSPLL)
    DL_SYSCTL_setHFCLKSourceHFXTParams       0x000001e9   Thumb Code    80  dl_sysctl_mspm0g1x0x_g3x0x.o(.text.DL_SYSCTL_setHFCLKSourceHFXTParams)
    DL_SYSCTL_switchMCLKfromSYSOSCtoHSCLK    0x00000239   Thumb Code    40  dl_sysctl_mspm0g1x0x_g3x0x.o(.text.DL_SYSCTL_switchMCLKfromSYSOSCtoHSCLK)
    DL_UART_init                             0x00000261   Thumb Code    64  dl_uart.o(.text.DL_UART_init)
    DL_UART_setClockConfig                   0x000002a9   Thumb Code    18  dl_uart.o(.text.DL_UART_setClockConfig)
    DL_UART_transmitDataBlocking             0x000002bd   Thumb Code    32  dl_uart.o(.text.DL_UART_transmitDataBlocking)
    Delay_ms                                 0x000002e1   Thumb Code    24  delay.o(.text.Delay_ms)
    Delay_us                                 0x000002fd   Thumb Code    20  delay.o(.text.Delay_us)
    GROUP0_IRQHandler                        0x00000311   Thumb Code    28  main.o(.text.GROUP0_IRQHandler)
    Key_GetNum                               0x00000335   Thumb Code    76  key.o(.text.Key_GetNum)
    Key_Init                                 0x00000381   Thumb Code    76  key.o(.text.Key_Init)
    Key_Update                               0x000003d5   Thumb Code   232  key.o(.text.Key_Update)
    LED2_OFF                                 0x000004c1   Thumb Code     8  led.o(.text.LED2_OFF)
    LED2_ON                                  0x000004c9   Thumb Code     8  led.o(.text.LED2_ON)
    LED3_OFF                                 0x000004d1   Thumb Code     8  led.o(.text.LED3_OFF)
    LED3_ON                                  0x000004d9   Thumb Code     8  led.o(.text.LED3_ON)
    LED4_OFF                                 0x000004e1   Thumb Code    12  led.o(.text.LED4_OFF)
    LED4_ON                                  0x000004ed   Thumb Code    12  led.o(.text.LED4_ON)
    LED_Init                                 0x000004fd   Thumb Code    24  led.o(.text.LED_Init)
    OLED_Clear                               0x0000051d   Thumb Code   276  oled.o(.text.OLED_Clear)
    OLED_I2C_SendByte                        0x00000631   Thumb Code   324  oled.o(.text.OLED_I2C_SendByte)
    OLED_Init                                0x00000775   Thumb Code   184  oled.o(.text.OLED_Init)
    OLED_WriteCommand                        0x00000831   Thumb Code    92  oled.o(.text.OLED_WriteCommand)
    OLED_WriteData                           0x0000088d   Thumb Code    92  oled.o(.text.OLED_WriteData)
    SYSCFG_DL_init                           0x000008ed   Thumb Code     8  ti_msp_dl_config.o(.text.SYSCFG_DL_init)
    SYSCFG_DL_initPower                      0x000008f5   Thumb Code    40  ti_msp_dl_config.o(.text.SYSCFG_DL_initPower)
    SysClock_init                            0x00000935   Thumb Code    84  sysclock.o(.text.SysClock_init)
    UART0_IRQHandler                         0x00000999   Thumb Code    24  main.o(.text.UART0_IRQHandler)
    UART0_init                               0x000009bd   Thumb Code   140  uart.o(.text.UART0_init)
    WDT_init                                 0x00000a69   Thumb Code    32  wdt.o(.text.WDT_init)
    fputc                                    0x00000a9d   Thumb Code    16  uart.o(.text.fputc)
    main                                     0x00000ab1   Thumb Code   124  main.o(.text.main)
    __scatterload_copy                       0x00000b39   Thumb Code    14  handlers.o(i.__scatterload_copy)
    __scatterload_null                       0x00000b49   Thumb Code     2  handlers.o(i.__scatterload_null)
    __scatterload_zeroinit                   0x00000b51   Thumb Code    14  handlers.o(i.__scatterload_zeroinit)
    puts                                     0x00000b61   Thumb Code    28  puts.o(i.puts)
    Region$$Table$$Base                      0x00000bb4   Number         0  anon$$obj.o(Region$$Table)
    Region$$Table$$Limit                     0x00000bd4   Number         0  anon$$obj.o(Region$$Table)
    __stdout                                 0x20200000   Data           4  stdout.o(.data)
    gEchoData                                0x20200058   Data           1  main.o(.bss.gEchoData)
    __initial_sp                             0x20200160   Data           0  startup_mspm0g350x_uvision.o(STACK)



==============================================================================

Memory Map of the image

  Image Entry point : 0x000000c1

  Load Region LR_IROM1 (Base: 0x00000000, Size: 0x00000c30, Max: 0x00020000, ABSOLUTE)

    Execution Region ER_IROM1 (Exec base: 0x00000000, Load base: 0x00000000, Size: 0x00000bd4, Max: 0x00020000, ABSOLUTE)

    Exec Addr    Load Addr    Size         Type   Attr      Idx    E Section Name        Object

    0x00000000   0x00000000   0x000000c0   Data   RO            3    RESET               startup_mspm0g350x_uvision.o
    0x000000c0   0x000000c0   0x00000000   Code   RO          953  * .ARM.Collect$$$$00000000  mc_p.l(entry.o)
    0x000000c0   0x000000c0   0x00000004   Code   RO          966    .ARM.Collect$$$$00000001  mc_p.l(entry2.o)
    0x000000c4   0x000000c4   0x00000004   Code   RO          969    .ARM.Collect$$$$00000004  mc_p.l(entry5.o)
    0x000000c8   0x000000c8   0x00000000   Code   RO          971    .ARM.Collect$$$$00000008  mc_p.l(entry7b.o)
    0x000000c8   0x000000c8   0x00000000   Code   RO          973    .ARM.Collect$$$$0000000A  mc_p.l(entry8b.o)
    0x000000c8   0x000000c8   0x00000008   Code   RO          974    .ARM.Collect$$$$0000000B  mc_p.l(entry9a.o)
    0x000000d0   0x000000d0   0x00000000   Code   RO          976    .ARM.Collect$$$$0000000D  mc_p.l(entry10a.o)
    0x000000d0   0x000000d0   0x00000000   Code   RO          978    .ARM.Collect$$$$0000000F  mc_p.l(entry11a.o)
    0x000000d0   0x000000d0   0x00000004   Code   RO          967    .ARM.Collect$$$$00002712  mc_p.l(entry2.o)
    0x000000d4   0x000000d4   0x00000014   Code   RO            4    .text               startup_mspm0g350x_uvision.o
    0x000000e8   0x000000e8   0x00000030   Code   RO          991    .text               mc_p.l(init.o)
    0x00000118   0x00000118   0x0000000a   Code   RO          114    .text.DL_Common_delayCycles  dl_common.o
    0x00000122   0x00000122   0x00000002   PAD
    0x00000124   0x00000124   0x000000c4   Code   RO          922    .text.DL_SYSCTL_configSYSPLL  driverlib.a(dl_sysctl_mspm0g1x0x_g3x0x.o)
    0x000001e8   0x000001e8   0x00000050   Code   RO          936    .text.DL_SYSCTL_setHFCLKSourceHFXTParams  driverlib.a(dl_sysctl_mspm0g1x0x_g3x0x.o)
    0x00000238   0x00000238   0x00000028   Code   RO          930    .text.DL_SYSCTL_switchMCLKfromSYSOSCtoHSCLK  driverlib.a(dl_sysctl_mspm0g1x0x_g3x0x.o)
    0x00000260   0x00000260   0x00000048   Code   RO          752    .text.DL_UART_init  dl_uart.o
    0x000002a8   0x000002a8   0x00000012   Code   RO          754    .text.DL_UART_setClockConfig  dl_uart.o
    0x000002ba   0x000002ba   0x00000002   PAD
    0x000002bc   0x000002bc   0x00000024   Code   RO          766    .text.DL_UART_transmitDataBlocking  dl_uart.o
    0x000002e0   0x000002e0   0x0000001c   Code   RO          898    .text.Delay_ms      delay.o
    0x000002fc   0x000002fc   0x00000014   Code   RO          896    .text.Delay_us      delay.o
    0x00000310   0x00000310   0x00000024   Code   RO           13    .text.GROUP0_IRQHandler  main.o
    0x00000334   0x00000334   0x0000004c   Code   RO          840    .text.Key_GetNum    key.o
    0x00000380   0x00000380   0x00000054   Code   RO          836    .text.Key_Init      key.o
    0x000003d4   0x000003d4   0x000000ec   Code   RO          838    .text.Key_Update    key.o
    0x000004c0   0x000004c0   0x00000008   Code   RO          811    .text.LED2_OFF      led.o
    0x000004c8   0x000004c8   0x00000008   Code   RO          809    .text.LED2_ON       led.o
    0x000004d0   0x000004d0   0x00000008   Code   RO          817    .text.LED3_OFF      led.o
    0x000004d8   0x000004d8   0x00000008   Code   RO          815    .text.LED3_ON       led.o
    0x000004e0   0x000004e0   0x0000000c   Code   RO          823    .text.LED4_OFF      led.o
    0x000004ec   0x000004ec   0x00000010   Code   RO          821    .text.LED4_ON       led.o
    0x000004fc   0x000004fc   0x00000020   Code   RO          807    .text.LED_Init      led.o
    0x0000051c   0x0000051c   0x00000114   Code   RO          869    .text.OLED_Clear    oled.o
    0x00000630   0x00000630   0x00000144   Code   RO          861    .text.OLED_I2C_SendByte  oled.o
    0x00000774   0x00000774   0x000000bc   Code   RO          885    .text.OLED_Init     oled.o
    0x00000830   0x00000830   0x0000005c   Code   RO          863    .text.OLED_WriteCommand  oled.o
    0x0000088c   0x0000088c   0x00000060   Code   RO          865    .text.OLED_WriteData  oled.o
    0x000008ec   0x000008ec   0x00000008   Code   RO           27    .text.SYSCFG_DL_init  ti_msp_dl_config.o
    0x000008f4   0x000008f4   0x00000040   Code   RO           29    .text.SYSCFG_DL_initPower  ti_msp_dl_config.o
    0x00000934   0x00000934   0x00000064   Code   RO          912    .text.SysClock_init  sysclock.o
    0x00000998   0x00000998   0x00000024   Code   RO           15    .text.UART0_IRQHandler  main.o
    0x000009bc   0x000009bc   0x000000ac   Code   RO           51    .text.UART0_init    uart.o
    0x00000a68   0x00000a68   0x00000034   Code   RO           43    .text.WDT_init      wdt.o
    0x00000a9c   0x00000a9c   0x00000014   Code   RO           53    .text.fputc         uart.o
    0x00000ab0   0x00000ab0   0x00000084   Code   RO           11    .text.main          main.o
    0x00000b34   0x00000b34   0x00000004   PAD
    0x00000b38   0x00000b38   0x0000000e   Code   RO          995    i.__scatterload_copy  mc_p.l(handlers.o)
    0x00000b46   0x00000b46   0x00000002   PAD
    0x00000b48   0x00000b48   0x00000002   Code   RO          996    i.__scatterload_null  mc_p.l(handlers.o)
    0x00000b4a   0x00000b4a   0x00000006   PAD
    0x00000b50   0x00000b50   0x0000000e   Code   RO          997    i.__scatterload_zeroinit  mc_p.l(handlers.o)
    0x00000b5e   0x00000b5e   0x00000002   PAD
    0x00000b60   0x00000b60   0x00000020   Code   RO          956    i.puts              mc_p.l(puts.o)
    0x00000b80   0x00000b80   0x00000028   Data   RO          914    .rodata.gSYSPLLConfig  sysclock.o
    0x00000ba8   0x00000ba8   0x00000002   Data   RO           55    .rodata.gUART_0ClockConfig  uart.o
    0x00000baa   0x00000baa   0x0000000a   Data   RO           56    .rodata.gUART_0Config  uart.o
    0x00000bb4   0x00000bb4   0x00000020   Data   RO          994    Region$$Table       anon$$obj.o


    Execution Region RW_IRAM2 (Exec base: 0x20200000, Load base: 0x00000bd8, Size: 0x00000160, Max: 0x00008000, ABSOLUTE)

    Exec Addr    Load Addr    Size         Type   Attr      Idx    E Section Name        Object

    0x20200000   0x00000bd8   0x00000004   Data   RW          980    .data               mc_p.l(stdout.o)
    0x20200004   0x00000bdc   0x00000050   Data   RW          842    .data.Keys          key.o
    0x20200054   0x00000c2c   0x00000004   PAD
    0x20200058        -       0x00000001   Zero   RW           17    .bss.gEchoData      main.o
    0x20200059   0x00000c2c   0x00000007   PAD
    0x20200060        -       0x00000100   Zero   RW            1    STACK               startup_mspm0g350x_uvision.o



  Load Region LR_BCR (Base: 0x41c00000, Size: 0x00000000, Max: 0x00000100, ABSOLUTE)

    Execution Region BCR_CONFIG (Exec base: 0x41c00000, Load base: 0x41c00000, Size: 0x00000000, Max: 0x000000ff, ABSOLUTE)

    **** No section assigned to this execution region ****



  Load Region LR_BSL (Base: 0x41c00100, Size: 0x00000000, Max: 0x00000100, ABSOLUTE)

    Execution Region BSL_CONFIG (Exec base: 0x41c00100, Load base: 0x41c00100, Size: 0x00000000, Max: 0x00000080, ABSOLUTE)

    **** No section assigned to this execution region ****


==============================================================================

Image component sizes


      Code (inc. data)   RO Data    RW Data    ZI Data      Debug   Object Name

        48          4          0          0          0       1090   delay.o
        10          0          0          0          0        590   dl_common.o
       126         12          0          0          0      14587   dl_uart.o
       396         20          0         80          0       6942   key.o
        92         12          0          0          0       6304   led.o
       204         34          0          0          1       5572   main.o
       976          8          0          0          0      14883   oled.o
        20          4        192          0        256        620   startup_mspm0g350x_uvision.o
       100         16         40          0          0       7000   sysclock.o
        72         24          0          0          0      10636   ti_msp_dl_config.o
       192         36         12          0          0      10152   uart.o
        52         20          0          0          0       4284   wdt.o

    ----------------------------------------------------------------------
      2296        194        276         80        268      82660   Object Totals
         0          0         32          0          0          0   (incl. Generated)
         8          4          0          0         11          0   (incl. Padding)

    ----------------------------------------------------------------------

      Code (inc. data)   RO Data    RW Data    ZI Data      Debug   Library Member Name

       316         28          0          0          0      12876   dl_sysctl_mspm0g1x0x_g3x0x.o
         0          0          0          0          0          0   entry.o
         0          0          0          0          0          0   entry10a.o
         0          0          0          0          0          0   entry11a.o
         8          4          0          0          0          0   entry2.o
         4          0          0          0          0          0   entry5.o
         0          0          0          0          0          0   entry7b.o
         0          0          0          0          0          0   entry8b.o
         8          4          0          0          0          0   entry9a.o
        30          0          0          0          0          0   handlers.o
        48         10          0          0          0         68   init.o
        32          4          0          0          0         68   puts.o
         0          0          0          4          0          0   stdout.o

    ----------------------------------------------------------------------
       456         50          0          4          0      13012   Library Totals
        10          0          0          0          0          0   (incl. Padding)

    ----------------------------------------------------------------------

      Code (inc. data)   RO Data    RW Data    ZI Data      Debug   Library Name

       316         28          0          0          0      12876   driverlib.a
       130         22          0          4          0        136   mc_p.l

    ----------------------------------------------------------------------
       456         50          0          4          0      13012   Library Totals

    ----------------------------------------------------------------------

==============================================================================


      Code (inc. data)   RO Data    RW Data    ZI Data      Debug   

      2752        244        276         84        268      95604   Grand Totals
      2752        244        276         84        268      95604   ELF Image Totals
      2752        244        276         84          0          0   ROM Totals

==============================================================================

    Total RO  Size (Code + RO Data)                 3028 (   2.96kB)
    Total RW  Size (RW Data + ZI Data)               352 (   0.34kB)
    Total ROM Size (Code + RO Data + RW Data)       3112 (   3.04kB)

==============================================================================

